Archive member included to satisfy reference by file (symbol)

../file_read_test_bsp/\libhal_bsp.a(alt_load.o)
                              ../file_read_test_bsp//obj/HAL/src/crt0.o (alt_load)
../file_read_test_bsp/\libhal_bsp.a(alt_main.o)
                              ../file_read_test_bsp//obj/HAL/src/crt0.o (alt_main)
../file_read_test_bsp/\libhal_bsp.a(alt_putstr.o)
                              obj/default/hello_world_small.o (alt_putstr)
../file_read_test_bsp/\libhal_bsp.a(alt_sys_init.o)
                              ../file_read_test_bsp/\libhal_bsp.a(alt_main.o) (alt_irq_init)
../file_read_test_bsp/\libhal_bsp.a(altera_avalon_jtag_uart_write.o)
                              ../file_read_test_bsp/\libhal_bsp.a(alt_putstr.o) (altera_avalon_jtag_uart_write)
../file_read_test_bsp/\libhal_bsp.a(alt_dcache_flush_all.o)
                              ../file_read_test_bsp/\libhal_bsp.a(alt_load.o) (alt_dcache_flush_all)
../file_read_test_bsp/\libhal_bsp.a(alt_dev.o)
                              ../file_read_test_bsp/\libhal_bsp.a(alt_sys_init.o) (alt_dev_list)
../file_read_test_bsp/\libhal_bsp.a(alt_dev_llist_insert.o)
                              ../file_read_test_bsp/\libhal_bsp.a(alt_sys_init.o) (alt_dev_llist_insert)
../file_read_test_bsp/\libhal_bsp.a(alt_errno.o)
                              ../file_read_test_bsp/\libhal_bsp.a(alt_dev_llist_insert.o) (alt_errno)
../file_read_test_bsp/\libhal_bsp.a(alt_icache_flush_all.o)
                              ../file_read_test_bsp/\libhal_bsp.a(alt_load.o) (alt_icache_flush_all)
../file_read_test_bsp/\libhal_bsp.a(altera_nios2_gen2_irq.o)
                              ../file_read_test_bsp/\libhal_bsp.a(alt_sys_init.o) (altera_nios2_gen2_irq_init)
c:/intelfpga_lite/18.1/nios2eds/bin/gnu/h-x86_64-mingw32/bin/../lib/gcc/nios2-elf/5.3.0/../../../../../H-x86_64-mingw32/nios2-elf/lib/mno-hw-mul\libsmallc.a(lib_a-int_errno.o)
                              ../file_read_test_bsp/\libhal_bsp.a(alt_dev_llist_insert.o) (errno)
c:/intelfpga_lite/18.1/nios2eds/bin/gnu/h-x86_64-mingw32/bin/../lib/gcc/nios2-elf/5.3.0/../../../../../H-x86_64-mingw32/nios2-elf/lib/mno-hw-mul\libsmallc.a(lib_a-strlen.o)
                              ../file_read_test_bsp/\libhal_bsp.a(alt_putstr.o) (strlen)

Allocating common symbols
Common symbol       size              file

errno               0x4               c:/intelfpga_lite/18.1/nios2eds/bin/gnu/h-x86_64-mingw32/bin/../lib/gcc/nios2-elf/5.3.0/../../../../../H-x86_64-mingw32/nios2-elf/lib/mno-hw-mul\libsmallc.a(lib_a-int_errno.o)

Memory Configuration

Name             Origin             Length             Attributes
reset            0x0000000000010000 0x0000000000000020
onchip_memory    0x0000000000010020 0x000000000000ffe0
*default*        0x0000000000000000 0xffffffffffffffff

Linker script and memory map

LOAD ../file_read_test_bsp//obj/HAL/src/crt0.o
LOAD obj/default/hello_world_small.o
LOAD c:/intelfpga_lite/18.1/nios2eds/bin/gnu/h-x86_64-mingw32/bin/../lib/gcc/nios2-elf/5.3.0/../../../../../H-x86_64-mingw32/nios2-elf/lib/mno-hw-mul\libstdc++.a
LOAD c:/intelfpga_lite/18.1/nios2eds/bin/gnu/h-x86_64-mingw32/bin/../lib/gcc/nios2-elf/5.3.0/../../../../../H-x86_64-mingw32/nios2-elf/lib/mno-hw-mul\libm.a
LOAD c:/intelfpga_lite/18.1/nios2eds/bin/gnu/h-x86_64-mingw32/bin/../lib/gcc/nios2-elf/5.3.0/mno-hw-mul\libgcc.a
START GROUP
LOAD c:/intelfpga_lite/18.1/nios2eds/bin/gnu/h-x86_64-mingw32/bin/../lib/gcc/nios2-elf/5.3.0/../../../../../H-x86_64-mingw32/nios2-elf/lib/mno-hw-mul\libsmallc.a
LOAD c:/intelfpga_lite/18.1/nios2eds/bin/gnu/h-x86_64-mingw32/bin/../lib/gcc/nios2-elf/5.3.0/mno-hw-mul\libgcc.a
LOAD ../file_read_test_bsp/\libhal_bsp.a
LOAD c:/intelfpga_lite/18.1/nios2eds/bin/gnu/h-x86_64-mingw32/bin/../lib/gcc/nios2-elf/5.3.0/../../../../../H-x86_64-mingw32/nios2-elf/lib/mno-hw-mul\libm.a
END GROUP
LOAD c:/intelfpga_lite/18.1/nios2eds/bin/gnu/h-x86_64-mingw32/bin/../lib/gcc/nios2-elf/5.3.0/mno-hw-mul\libgcc.a
                0x0000000000010000                __alt_mem_onchip_memory = 0x10000

.entry          0x0000000000010000       0x20
 *(.entry)
 .entry         0x0000000000010000       0x20 ../file_read_test_bsp//obj/HAL/src/crt0.o
                0x0000000000010000                __reset
                0x000000000001000c                _exit

.exceptions     0x0000000000010020        0x0
                0x0000000000010020                PROVIDE (__ram_exceptions_start, ABSOLUTE (.))
                0x0000000000010020                . = ALIGN (0x20)
 *(.irq)
 *(.exceptions.entry.label)
 *(.exceptions.entry.user)
 *(.exceptions.entry.ecc_fatal)
 *(.exceptions.entry)
 *(.exceptions.irqtest.user)
 *(.exceptions.irqtest)
 *(.exceptions.irqhandler.user)
 *(.exceptions.irqhandler)
 *(.exceptions.irqreturn.user)
 *(.exceptions.irqreturn)
 *(.exceptions.notirq.label)
 *(.exceptions.notirq.user)
 *(.exceptions.notirq)
 *(.exceptions.soft.user)
 *(.exceptions.soft)
 *(.exceptions.unknown.user)
 *(.exceptions.unknown)
 *(.exceptions.exit.label)
 *(.exceptions.exit.user)
 *(.exceptions.exit)
 *(.exceptions)
                0x0000000000010020                PROVIDE (__ram_exceptions_end, ABSOLUTE (.))
                0x0000000000010020                PROVIDE (__flash_exceptions_start, LOADADDR (.exceptions))

.text           0x0000000000010020      0x29c
                [!provide]                        PROVIDE (stext, ABSOLUTE (.))
 *(.interp)
 *(.hash)
 *(.dynsym)
 *(.dynstr)
 *(.gnu.version)
 *(.gnu.version_d)
 *(.gnu.version_r)
 *(.rel.init)
 *(.rela.init)
 *(.rel.text .rel.text.* .rel.gnu.linkonce.t.*)
 *(.rela.text .rela.text.* .rela.gnu.linkonce.t.*)
 *(.rel.fini)
 *(.rela.fini)
 *(.rel.rodata .rel.rodata.* .rel.gnu.linkonce.r.*)
 *(.rela.rodata .rela.rodata.* .rela.gnu.linkonce.r.*)
 *(.rel.data .rel.data.* .rel.gnu.linkonce.d.*)
 *(.rela.data .rela.data.* .rela.gnu.linkonce.d.*)
 *(.rel.tdata .rel.tdata.* .rel.gnu.linkonce.td.*)
 *(.rela.tdata .rela.tdata.* .rela.gnu.linkonce.td.*)
 *(.rel.tbss .rel.tbss.* .rel.gnu.linkonce.tb.*)
 *(.rela.tbss .rela.tbss.* .rela.gnu.linkonce.tb.*)
 *(.rel.ctors)
 *(.rela.ctors)
 *(.rel.dtors)
 *(.rela.dtors)
 *(.rel.got)
 *(.rela.got)
 *(.rel.sdata .rel.sdata.* .rel.gnu.linkonce.s.*)
 *(.rela.sdata .rela.sdata.* .rela.gnu.linkonce.s.*)
 *(.rel.sbss .rel.sbss.* .rel.gnu.linkonce.sb.*)
 *(.rela.sbss .rela.sbss.* .rela.gnu.linkonce.sb.*)
 *(.rel.sdata2 .rel.sdata2.* .rel.gnu.linkonce.s2.*)
 *(.rela.sdata2 .rela.sdata2.* .rela.gnu.linkonce.s2.*)
 *(.rel.sbss2 .rel.sbss2.* .rel.gnu.linkonce.sb2.*)
 *(.rela.sbss2 .rela.sbss2.* .rela.gnu.linkonce.sb2.*)
 *(.rel.bss .rel.bss.* .rel.gnu.linkonce.b.*)
 *(.rela.bss .rela.bss.* .rela.gnu.linkonce.b.*)
 *(.rel.plt)
 *(.rela.plt)
 *(.rel.dyn)
 *(.init)
 *(.plt)
 *(.text .stub .text.* .gnu.linkonce.t.*)
 .text          0x0000000000010020       0x3c ../file_read_test_bsp//obj/HAL/src/crt0.o
                0x0000000000010020                _start
 .text          0x000000000001005c        0x0 obj/default/hello_world_small.o
 .text.startup  0x000000000001005c       0x18 obj/default/hello_world_small.o
                0x000000000001005c                main
 .text          0x0000000000010074       0xe0 ../file_read_test_bsp/\libhal_bsp.a(alt_load.o)
                0x0000000000010074                alt_load
 .text          0x0000000000010154       0x2c ../file_read_test_bsp/\libhal_bsp.a(alt_main.o)
                0x0000000000010154                alt_main
 .text          0x0000000000010180       0x38 ../file_read_test_bsp/\libhal_bsp.a(alt_putstr.o)
                0x0000000000010180                alt_putstr
 .text          0x00000000000101b8       0x30 ../file_read_test_bsp/\libhal_bsp.a(alt_sys_init.o)
                0x00000000000101b8                alt_irq_init
                0x00000000000101d8                alt_sys_init
 .text          0x00000000000101e8       0x34 ../file_read_test_bsp/\libhal_bsp.a(altera_avalon_jtag_uart_write.o)
                0x00000000000101e8                altera_avalon_jtag_uart_write
 .text          0x000000000001021c        0x4 ../file_read_test_bsp/\libhal_bsp.a(alt_dcache_flush_all.o)
                0x000000000001021c                alt_dcache_flush_all
 .text          0x0000000000010220        0x8 ../file_read_test_bsp/\libhal_bsp.a(alt_dev.o)
 .text          0x0000000000010228       0x6c ../file_read_test_bsp/\libhal_bsp.a(alt_dev_llist_insert.o)
                0x0000000000010228                alt_dev_llist_insert
 .text          0x0000000000010294        0x0 ../file_read_test_bsp/\libhal_bsp.a(alt_errno.o)
 .text          0x0000000000010294        0x4 ../file_read_test_bsp/\libhal_bsp.a(alt_icache_flush_all.o)
                0x0000000000010294                alt_icache_flush_all
 .text          0x0000000000010298        0x8 ../file_read_test_bsp/\libhal_bsp.a(altera_nios2_gen2_irq.o)
                0x0000000000010298                altera_nios2_gen2_irq_init
 .text          0x00000000000102a0        0x0 c:/intelfpga_lite/18.1/nios2eds/bin/gnu/h-x86_64-mingw32/bin/../lib/gcc/nios2-elf/5.3.0/../../../../../H-x86_64-mingw32/nios2-elf/lib/mno-hw-mul\libsmallc.a(lib_a-int_errno.o)
 .text          0x00000000000102a0        0x0 c:/intelfpga_lite/18.1/nios2eds/bin/gnu/h-x86_64-mingw32/bin/../lib/gcc/nios2-elf/5.3.0/../../../../../H-x86_64-mingw32/nios2-elf/lib/mno-hw-mul\libsmallc.a(lib_a-strlen.o)
 .text.strlen   0x00000000000102a0       0x1c c:/intelfpga_lite/18.1/nios2eds/bin/gnu/h-x86_64-mingw32/bin/../lib/gcc/nios2-elf/5.3.0/../../../../../H-x86_64-mingw32/nios2-elf/lib/mno-hw-mul\libsmallc.a(lib_a-strlen.o)
                0x00000000000102a0                strlen
 *(.gnu.warning.*)
 *(.fini)
                [!provide]                        PROVIDE (__etext, ABSOLUTE (.))
                [!provide]                        PROVIDE (_etext, ABSOLUTE (.))
                [!provide]                        PROVIDE (etext, ABSOLUTE (.))
 *(.eh_frame_hdr)
                0x00000000000102bc                . = ALIGN (0x4)
                [!provide]                        PROVIDE (__preinit_array_start, ABSOLUTE (.))
 *(.preinit_array)
                [!provide]                        PROVIDE (__preinit_array_end, ABSOLUTE (.))
                [!provide]                        PROVIDE (__init_array_start, ABSOLUTE (.))
 *(.init_array)
                [!provide]                        PROVIDE (__init_array_end, ABSOLUTE (.))
                [!provide]                        PROVIDE (__fini_array_start, ABSOLUTE (.))
 *(.fini_array)
                [!provide]                        PROVIDE (__fini_array_end, ABSOLUTE (.))
 *(.eh_frame)
 *(.gcc_except_table .gcc_except_table.*)
 *(.dynamic)
                [!provide]                        PROVIDE (__CTOR_LIST__, ABSOLUTE (.))
 *(.ctors)
 *(SORT(.ctors.*))
                [!provide]                        PROVIDE (__CTOR_END__, ABSOLUTE (.))
                [!provide]                        PROVIDE (__DTOR_LIST__, ABSOLUTE (.))
 *(.dtors)
 *(SORT(.dtors.*))
                [!provide]                        PROVIDE (__DTOR_END__, ABSOLUTE (.))
 *(.jcr)
                0x00000000000102bc                . = ALIGN (0x4)

.rodata         0x00000000000102bc       0x3c
                0x00000000000102bc                PROVIDE (__ram_rodata_start, ABSOLUTE (.))
                0x00000000000102bc                . = ALIGN (0x4)
 *(.rodata .rodata.* .gnu.linkonce.r.*)
 .rodata.str1.4
                0x00000000000102bc       0x15 obj/default/hello_world_small.o
 *fill*         0x00000000000102d1        0x3 
 .rodata.str1.4
                0x00000000000102d4       0x17 ../file_read_test_bsp/\libhal_bsp.a(alt_sys_init.o)
 *fill*         0x00000000000102eb        0x1 
 .rodata.str1.4
                0x00000000000102ec        0xc ../file_read_test_bsp/\libhal_bsp.a(alt_dev.o)
                                          0xa (size before relaxing)
 *(.rodata1)
                0x00000000000102f8                . = ALIGN (0x4)
                0x00000000000102f8                PROVIDE (__ram_rodata_end, ABSOLUTE (.))
                0x00000000000102bc                PROVIDE (__flash_rodata_start, LOADADDR (.rodata))

.rwdata         0x00000000000102f8       0xa0 load address 0x0000000000010398
                0x00000000000102f8                PROVIDE (__ram_rwdata_start, ABSOLUTE (.))
                0x00000000000102f8                . = ALIGN (0x4)
 *(.got.plt)
 *(.got)
 *(.data1)
 *(.data .data.* .gnu.linkonce.d.*)
 .data          0x00000000000102f8        0x0 ../file_read_test_bsp//obj/HAL/src/crt0.o
 .data          0x00000000000102f8        0x0 obj/default/hello_world_small.o
 .data          0x00000000000102f8        0x0 ../file_read_test_bsp/\libhal_bsp.a(alt_load.o)
 .data          0x00000000000102f8        0x0 ../file_read_test_bsp/\libhal_bsp.a(alt_main.o)
 .data          0x00000000000102f8        0x0 ../file_read_test_bsp/\libhal_bsp.a(alt_putstr.o)
 .data          0x00000000000102f8       0x2c ../file_read_test_bsp/\libhal_bsp.a(alt_sys_init.o)
 .data          0x0000000000010324        0x0 ../file_read_test_bsp/\libhal_bsp.a(altera_avalon_jtag_uart_write.o)
 .data          0x0000000000010324        0x0 ../file_read_test_bsp/\libhal_bsp.a(alt_dcache_flush_all.o)
 .data          0x0000000000010324       0x58 ../file_read_test_bsp/\libhal_bsp.a(alt_dev.o)
                0x0000000000010324                alt_fd_list
                0x0000000000010354                alt_dev_null
 .data          0x000000000001037c        0x0 ../file_read_test_bsp/\libhal_bsp.a(alt_dev_llist_insert.o)
 .data          0x000000000001037c        0x0 ../file_read_test_bsp/\libhal_bsp.a(alt_errno.o)
 .data          0x000000000001037c        0x0 ../file_read_test_bsp/\libhal_bsp.a(alt_icache_flush_all.o)
 .data          0x000000000001037c        0x0 ../file_read_test_bsp/\libhal_bsp.a(altera_nios2_gen2_irq.o)
 .data          0x000000000001037c        0x0 c:/intelfpga_lite/18.1/nios2eds/bin/gnu/h-x86_64-mingw32/bin/../lib/gcc/nios2-elf/5.3.0/../../../../../H-x86_64-mingw32/nios2-elf/lib/mno-hw-mul\libsmallc.a(lib_a-int_errno.o)
 .data          0x000000000001037c        0x0 c:/intelfpga_lite/18.1/nios2eds/bin/gnu/h-x86_64-mingw32/bin/../lib/gcc/nios2-elf/5.3.0/../../../../../H-x86_64-mingw32/nios2-elf/lib/mno-hw-mul\libsmallc.a(lib_a-strlen.o)
                0x000000000001837c                _gp = ABSOLUTE ((. + 0x8000))
                [!provide]                        PROVIDE (gp, _gp)
 *(.rwdata .rwdata.*)
 *(.sdata .sdata.* .gnu.linkonce.s.*)
 .sdata         0x000000000001037c        0x4 ../file_read_test_bsp/\libhal_bsp.a(alt_sys_init.o)
                0x000000000001037c                jtag_uart
 .sdata         0x0000000000010380       0x14 ../file_read_test_bsp/\libhal_bsp.a(alt_dev.o)
                0x0000000000010380                alt_max_fd
                0x0000000000010384                alt_dev_list
                0x000000000001038c                alt_fs_list
 .sdata         0x0000000000010394        0x4 ../file_read_test_bsp/\libhal_bsp.a(alt_errno.o)
                0x0000000000010394                alt_errno
 *(.sdata2 .sdata2.* .gnu.linkonce.s2.*)
                0x0000000000010398                . = ALIGN (0x4)
                0x0000000000010398                _edata = ABSOLUTE (.)
                [!provide]                        PROVIDE (edata, ABSOLUTE (.))
                0x0000000000010398                PROVIDE (__ram_rwdata_end, ABSOLUTE (.))
                0x0000000000010398                PROVIDE (__flash_rwdata_start, LOADADDR (.rwdata))

.bss            0x0000000000010438       0x10
                0x0000000000010438                __bss_start = ABSOLUTE (.)
                [!provide]                        PROVIDE (__sbss_start, ABSOLUTE (.))
                [!provide]                        PROVIDE (___sbss_start, ABSOLUTE (.))
 *(.dynsbss)
 *(.sbss .sbss.* .gnu.linkonce.sb.*)
 .sbss          0x0000000000010438        0xc ../file_read_test_bsp/\libhal_bsp.a(alt_main.o)
                0x0000000000010438                alt_envp
                0x000000000001043c                alt_argv
                0x0000000000010440                alt_argc
 .sbss          0x0000000000010444        0x4 c:/intelfpga_lite/18.1/nios2eds/bin/gnu/h-x86_64-mingw32/bin/../lib/gcc/nios2-elf/5.3.0/../../../../../H-x86_64-mingw32/nios2-elf/lib/mno-hw-mul\libsmallc.a(lib_a-int_errno.o)
                0x0000000000010444                errno
 *(.sbss2 .sbss2.* .gnu.linkonce.sb2.*)
 *(.scommon)
                [!provide]                        PROVIDE (__sbss_end, ABSOLUTE (.))
                [!provide]                        PROVIDE (___sbss_end, ABSOLUTE (.))
 *(.dynbss)
 *(.bss .bss.* .gnu.linkonce.b.*)
 .bss           0x0000000000010448        0x0 ../file_read_test_bsp//obj/HAL/src/crt0.o
 .bss           0x0000000000010448        0x0 obj/default/hello_world_small.o
 .bss           0x0000000000010448        0x0 ../file_read_test_bsp/\libhal_bsp.a(alt_load.o)
 .bss           0x0000000000010448        0x0 ../file_read_test_bsp/\libhal_bsp.a(alt_main.o)
 .bss           0x0000000000010448        0x0 ../file_read_test_bsp/\libhal_bsp.a(alt_putstr.o)
 .bss           0x0000000000010448        0x0 ../file_read_test_bsp/\libhal_bsp.a(alt_sys_init.o)
 .bss           0x0000000000010448        0x0 ../file_read_test_bsp/\libhal_bsp.a(altera_avalon_jtag_uart_write.o)
 .bss           0x0000000000010448        0x0 ../file_read_test_bsp/\libhal_bsp.a(alt_dcache_flush_all.o)
 .bss           0x0000000000010448        0x0 ../file_read_test_bsp/\libhal_bsp.a(alt_dev.o)
 .bss           0x0000000000010448        0x0 ../file_read_test_bsp/\libhal_bsp.a(alt_dev_llist_insert.o)
 .bss           0x0000000000010448        0x0 ../file_read_test_bsp/\libhal_bsp.a(alt_errno.o)
 .bss           0x0000000000010448        0x0 ../file_read_test_bsp/\libhal_bsp.a(alt_icache_flush_all.o)
 .bss           0x0000000000010448        0x0 ../file_read_test_bsp/\libhal_bsp.a(altera_nios2_gen2_irq.o)
 .bss           0x0000000000010448        0x0 c:/intelfpga_lite/18.1/nios2eds/bin/gnu/h-x86_64-mingw32/bin/../lib/gcc/nios2-elf/5.3.0/../../../../../H-x86_64-mingw32/nios2-elf/lib/mno-hw-mul\libsmallc.a(lib_a-int_errno.o)
 .bss           0x0000000000010448        0x0 c:/intelfpga_lite/18.1/nios2eds/bin/gnu/h-x86_64-mingw32/bin/../lib/gcc/nios2-elf/5.3.0/../../../../../H-x86_64-mingw32/nios2-elf/lib/mno-hw-mul\libsmallc.a(lib_a-strlen.o)
 *(COMMON)
                0x0000000000010448                . = ALIGN (0x4)
                0x0000000000010448                __bss_end = ABSOLUTE (.)

.onchip_memory  0x0000000000010448        0x0
                [!provide]                        PROVIDE (_alt_partition_onchip_memory_start, ABSOLUTE (.))
 *(.onchip_memory .onchip_memory. onchip_memory.*)
                0x0000000000010448                . = ALIGN (0x4)
                [!provide]                        PROVIDE (_alt_partition_onchip_memory_end, ABSOLUTE (.))
                0x0000000000010448                _end = ABSOLUTE (.)
                0x0000000000010448                end = ABSOLUTE (.)
                0x0000000000010448                __alt_stack_base = ABSOLUTE (.)
                [!provide]                        PROVIDE (_alt_partition_onchip_memory_load_addr, LOADADDR (.onchip_memory))

.stab
 *(.stab)

.stabstr
 *(.stabstr)

.stab.excl
 *(.stab.excl)

.stab.exclstr
 *(.stab.exclstr)

.stab.index
 *(.stab.index)

.stab.indexstr
 *(.stab.indexstr)

.comment        0x0000000000000000       0x23
 *(.comment)
 .comment       0x0000000000000000       0x23 obj/default/hello_world_small.o
                                         0x24 (size before relaxing)
 .comment       0x0000000000000023       0x24 ../file_read_test_bsp/\libhal_bsp.a(alt_load.o)
 .comment       0x0000000000000023       0x24 ../file_read_test_bsp/\libhal_bsp.a(alt_main.o)
 .comment       0x0000000000000023       0x24 ../file_read_test_bsp/\libhal_bsp.a(alt_putstr.o)
 .comment       0x0000000000000023       0x24 ../file_read_test_bsp/\libhal_bsp.a(alt_sys_init.o)
 .comment       0x0000000000000023       0x24 ../file_read_test_bsp/\libhal_bsp.a(altera_avalon_jtag_uart_write.o)
 .comment       0x0000000000000023       0x24 ../file_read_test_bsp/\libhal_bsp.a(alt_dcache_flush_all.o)
 .comment       0x0000000000000023       0x24 ../file_read_test_bsp/\libhal_bsp.a(alt_dev.o)
 .comment       0x0000000000000023       0x24 ../file_read_test_bsp/\libhal_bsp.a(alt_dev_llist_insert.o)
 .comment       0x0000000000000023       0x24 ../file_read_test_bsp/\libhal_bsp.a(alt_errno.o)
 .comment       0x0000000000000023       0x24 ../file_read_test_bsp/\libhal_bsp.a(alt_icache_flush_all.o)
 .comment       0x0000000000000023       0x24 ../file_read_test_bsp/\libhal_bsp.a(altera_nios2_gen2_irq.o)
 .comment       0x0000000000000023       0x24 c:/intelfpga_lite/18.1/nios2eds/bin/gnu/h-x86_64-mingw32/bin/../lib/gcc/nios2-elf/5.3.0/../../../../../H-x86_64-mingw32/nios2-elf/lib/mno-hw-mul\libsmallc.a(lib_a-int_errno.o)
 .comment       0x0000000000000023       0x24 c:/intelfpga_lite/18.1/nios2eds/bin/gnu/h-x86_64-mingw32/bin/../lib/gcc/nios2-elf/5.3.0/../../../../../H-x86_64-mingw32/nios2-elf/lib/mno-hw-mul\libsmallc.a(lib_a-strlen.o)

.debug
 *(.debug)

.line
 *(.line)

.debug_srcinfo
 *(.debug_srcinfo)

.debug_sfnames
 *(.debug_sfnames)

.debug_aranges  0x0000000000000000      0x1d8
 *(.debug_aranges)
 .debug_aranges
                0x0000000000000000       0x28 ../file_read_test_bsp//obj/HAL/src/crt0.o
 .debug_aranges
                0x0000000000000028       0x20 obj/default/hello_world_small.o
 .debug_aranges
                0x0000000000000048       0x20 ../file_read_test_bsp/\libhal_bsp.a(alt_load.o)
 .debug_aranges
                0x0000000000000068       0x20 ../file_read_test_bsp/\libhal_bsp.a(alt_main.o)
 .debug_aranges
                0x0000000000000088       0x20 ../file_read_test_bsp/\libhal_bsp.a(alt_putstr.o)
 .debug_aranges
                0x00000000000000a8       0x20 ../file_read_test_bsp/\libhal_bsp.a(alt_sys_init.o)
 .debug_aranges
                0x00000000000000c8       0x20 ../file_read_test_bsp/\libhal_bsp.a(altera_avalon_jtag_uart_write.o)
 .debug_aranges
                0x00000000000000e8       0x20 ../file_read_test_bsp/\libhal_bsp.a(alt_dcache_flush_all.o)
 .debug_aranges
                0x0000000000000108       0x20 ../file_read_test_bsp/\libhal_bsp.a(alt_dev.o)
 .debug_aranges
                0x0000000000000128       0x20 ../file_read_test_bsp/\libhal_bsp.a(alt_dev_llist_insert.o)
 .debug_aranges
                0x0000000000000148       0x18 ../file_read_test_bsp/\libhal_bsp.a(alt_errno.o)
 .debug_aranges
                0x0000000000000160       0x20 ../file_read_test_bsp/\libhal_bsp.a(alt_icache_flush_all.o)
 .debug_aranges
                0x0000000000000180       0x20 ../file_read_test_bsp/\libhal_bsp.a(altera_nios2_gen2_irq.o)
 .debug_aranges
                0x00000000000001a0       0x18 c:/intelfpga_lite/18.1/nios2eds/bin/gnu/h-x86_64-mingw32/bin/../lib/gcc/nios2-elf/5.3.0/../../../../../H-x86_64-mingw32/nios2-elf/lib/mno-hw-mul\libsmallc.a(lib_a-int_errno.o)
 .debug_aranges
                0x00000000000001b8       0x20 c:/intelfpga_lite/18.1/nios2eds/bin/gnu/h-x86_64-mingw32/bin/../lib/gcc/nios2-elf/5.3.0/../../../../../H-x86_64-mingw32/nios2-elf/lib/mno-hw-mul\libsmallc.a(lib_a-strlen.o)

.debug_pubnames
 *(.debug_pubnames)

.debug_info     0x0000000000000000     0x158e
 *(.debug_info .gnu.linkonce.wi.*)
 .debug_info    0x0000000000000000       0x70 ../file_read_test_bsp//obj/HAL/src/crt0.o
 .debug_info    0x0000000000000070       0x65 obj/default/hello_world_small.o
 .debug_info    0x00000000000000d5      0x1c9 ../file_read_test_bsp/\libhal_bsp.a(alt_load.o)
 .debug_info    0x000000000000029e      0x18f ../file_read_test_bsp/\libhal_bsp.a(alt_main.o)
 .debug_info    0x000000000000042d      0x13a ../file_read_test_bsp/\libhal_bsp.a(alt_putstr.o)
 .debug_info    0x0000000000000567      0x459 ../file_read_test_bsp/\libhal_bsp.a(alt_sys_init.o)
 .debug_info    0x00000000000009c0      0x1ad ../file_read_test_bsp/\libhal_bsp.a(altera_avalon_jtag_uart_write.o)
 .debug_info    0x0000000000000b6d       0x92 ../file_read_test_bsp/\libhal_bsp.a(alt_dcache_flush_all.o)
 .debug_info    0x0000000000000bff      0x499 ../file_read_test_bsp/\libhal_bsp.a(alt_dev.o)
 .debug_info    0x0000000000001098      0x1b3 ../file_read_test_bsp/\libhal_bsp.a(alt_dev_llist_insert.o)
 .debug_info    0x000000000000124b       0xa6 ../file_read_test_bsp/\libhal_bsp.a(alt_errno.o)
 .debug_info    0x00000000000012f1       0x92 ../file_read_test_bsp/\libhal_bsp.a(alt_icache_flush_all.o)
 .debug_info    0x0000000000001383       0xb8 ../file_read_test_bsp/\libhal_bsp.a(altera_nios2_gen2_irq.o)
 .debug_info    0x000000000000143b       0x8a c:/intelfpga_lite/18.1/nios2eds/bin/gnu/h-x86_64-mingw32/bin/../lib/gcc/nios2-elf/5.3.0/../../../../../H-x86_64-mingw32/nios2-elf/lib/mno-hw-mul\libsmallc.a(lib_a-int_errno.o)
 .debug_info    0x00000000000014c5       0xc9 c:/intelfpga_lite/18.1/nios2eds/bin/gnu/h-x86_64-mingw32/bin/../lib/gcc/nios2-elf/5.3.0/../../../../../H-x86_64-mingw32/nios2-elf/lib/mno-hw-mul\libsmallc.a(lib_a-strlen.o)

.debug_abbrev   0x0000000000000000      0x980
 *(.debug_abbrev)
 .debug_abbrev  0x0000000000000000       0x12 ../file_read_test_bsp//obj/HAL/src/crt0.o
 .debug_abbrev  0x0000000000000012       0x64 obj/default/hello_world_small.o
 .debug_abbrev  0x0000000000000076       0xd8 ../file_read_test_bsp/\libhal_bsp.a(alt_load.o)
 .debug_abbrev  0x000000000000014e       0xf5 ../file_read_test_bsp/\libhal_bsp.a(alt_main.o)
 .debug_abbrev  0x0000000000000243       0xd3 ../file_read_test_bsp/\libhal_bsp.a(alt_putstr.o)
 .debug_abbrev  0x0000000000000316      0x1a5 ../file_read_test_bsp/\libhal_bsp.a(alt_sys_init.o)
 .debug_abbrev  0x00000000000004bb       0xd5 ../file_read_test_bsp/\libhal_bsp.a(altera_avalon_jtag_uart_write.o)
 .debug_abbrev  0x0000000000000590       0x42 ../file_read_test_bsp/\libhal_bsp.a(alt_dcache_flush_all.o)
 .debug_abbrev  0x00000000000005d2       0xd9 ../file_read_test_bsp/\libhal_bsp.a(alt_dev.o)
 .debug_abbrev  0x00000000000006ab      0x11c ../file_read_test_bsp/\libhal_bsp.a(alt_dev_llist_insert.o)
 .debug_abbrev  0x00000000000007c7       0x5a ../file_read_test_bsp/\libhal_bsp.a(alt_errno.o)
 .debug_abbrev  0x0000000000000821       0x42 ../file_read_test_bsp/\libhal_bsp.a(alt_icache_flush_all.o)
 .debug_abbrev  0x0000000000000863       0x67 ../file_read_test_bsp/\libhal_bsp.a(altera_nios2_gen2_irq.o)
 .debug_abbrev  0x00000000000008ca       0x37 c:/intelfpga_lite/18.1/nios2eds/bin/gnu/h-x86_64-mingw32/bin/../lib/gcc/nios2-elf/5.3.0/../../../../../H-x86_64-mingw32/nios2-elf/lib/mno-hw-mul\libsmallc.a(lib_a-int_errno.o)
 .debug_abbrev  0x0000000000000901       0x7f c:/intelfpga_lite/18.1/nios2eds/bin/gnu/h-x86_64-mingw32/bin/../lib/gcc/nios2-elf/5.3.0/../../../../../H-x86_64-mingw32/nios2-elf/lib/mno-hw-mul\libsmallc.a(lib_a-strlen.o)

.debug_line     0x0000000000000000      0xa8b
 *(.debug_line)
 .debug_line    0x0000000000000000       0x66 ../file_read_test_bsp//obj/HAL/src/crt0.o
 .debug_line    0x0000000000000066       0x7b obj/default/hello_world_small.o
 .debug_line    0x00000000000000e1       0xa4 ../file_read_test_bsp/\libhal_bsp.a(alt_load.o)
 .debug_line    0x0000000000000185       0xea ../file_read_test_bsp/\libhal_bsp.a(alt_main.o)
 .debug_line    0x000000000000026f       0xa0 ../file_read_test_bsp/\libhal_bsp.a(alt_putstr.o)
 .debug_line    0x000000000000030f      0x176 ../file_read_test_bsp/\libhal_bsp.a(alt_sys_init.o)
 .debug_line    0x0000000000000485      0x104 ../file_read_test_bsp/\libhal_bsp.a(altera_avalon_jtag_uart_write.o)
 .debug_line    0x0000000000000589       0x4e ../file_read_test_bsp/\libhal_bsp.a(alt_dcache_flush_all.o)
 .debug_line    0x00000000000005d7       0xf6 ../file_read_test_bsp/\libhal_bsp.a(alt_dev.o)
 .debug_line    0x00000000000006cd       0xd8 ../file_read_test_bsp/\libhal_bsp.a(alt_dev_llist_insert.o)
 .debug_line    0x00000000000007a5       0x51 ../file_read_test_bsp/\libhal_bsp.a(alt_errno.o)
 .debug_line    0x00000000000007f6       0x4e ../file_read_test_bsp/\libhal_bsp.a(alt_icache_flush_all.o)
 .debug_line    0x0000000000000844       0x8c ../file_read_test_bsp/\libhal_bsp.a(altera_nios2_gen2_irq.o)
 .debug_line    0x00000000000008d0       0x5f c:/intelfpga_lite/18.1/nios2eds/bin/gnu/h-x86_64-mingw32/bin/../lib/gcc/nios2-elf/5.3.0/../../../../../H-x86_64-mingw32/nios2-elf/lib/mno-hw-mul\libsmallc.a(lib_a-int_errno.o)
 .debug_line    0x000000000000092f      0x15c c:/intelfpga_lite/18.1/nios2eds/bin/gnu/h-x86_64-mingw32/bin/../lib/gcc/nios2-elf/5.3.0/../../../../../H-x86_64-mingw32/nios2-elf/lib/mno-hw-mul\libsmallc.a(lib_a-strlen.o)

.debug_frame    0x0000000000000000      0x1dc
 *(.debug_frame)
 .debug_frame   0x0000000000000000       0x28 obj/default/hello_world_small.o
 .debug_frame   0x0000000000000028       0x30 ../file_read_test_bsp/\libhal_bsp.a(alt_load.o)
 .debug_frame   0x0000000000000058       0x2c ../file_read_test_bsp/\libhal_bsp.a(alt_main.o)
 .debug_frame   0x0000000000000084       0x30 ../file_read_test_bsp/\libhal_bsp.a(alt_putstr.o)
 .debug_frame   0x00000000000000b4       0x3c ../file_read_test_bsp/\libhal_bsp.a(alt_sys_init.o)
 .debug_frame   0x00000000000000f0       0x20 ../file_read_test_bsp/\libhal_bsp.a(altera_avalon_jtag_uart_write.o)
 .debug_frame   0x0000000000000110       0x20 ../file_read_test_bsp/\libhal_bsp.a(alt_dcache_flush_all.o)
 .debug_frame   0x0000000000000130       0x20 ../file_read_test_bsp/\libhal_bsp.a(alt_dev.o)
 .debug_frame   0x0000000000000150       0x2c ../file_read_test_bsp/\libhal_bsp.a(alt_dev_llist_insert.o)
 .debug_frame   0x000000000000017c       0x20 ../file_read_test_bsp/\libhal_bsp.a(alt_icache_flush_all.o)
 .debug_frame   0x000000000000019c       0x20 ../file_read_test_bsp/\libhal_bsp.a(altera_nios2_gen2_irq.o)
 .debug_frame   0x00000000000001bc       0x20 c:/intelfpga_lite/18.1/nios2eds/bin/gnu/h-x86_64-mingw32/bin/../lib/gcc/nios2-elf/5.3.0/../../../../../H-x86_64-mingw32/nios2-elf/lib/mno-hw-mul\libsmallc.a(lib_a-strlen.o)

.debug_str      0x0000000000000000      0x910
 *(.debug_str)
 .debug_str     0x0000000000000000       0xa0 obj/default/hello_world_small.o
                                         0xa5 (size before relaxing)
 .debug_str     0x00000000000000a0      0x1bc ../file_read_test_bsp/\libhal_bsp.a(alt_load.o)
                                        0x23e (size before relaxing)
 .debug_str     0x000000000000025c       0xb0 ../file_read_test_bsp/\libhal_bsp.a(alt_main.o)
                                        0x1e0 (size before relaxing)
 .debug_str     0x000000000000030c       0x64 ../file_read_test_bsp/\libhal_bsp.a(alt_putstr.o)
                                        0x192 (size before relaxing)
 .debug_str     0x0000000000000370      0x175 ../file_read_test_bsp/\libhal_bsp.a(alt_sys_init.o)
                                        0x34c (size before relaxing)
 .debug_str     0x00000000000004e5       0x32 ../file_read_test_bsp/\libhal_bsp.a(altera_avalon_jtag_uart_write.o)
                                        0x238 (size before relaxing)
 .debug_str     0x0000000000000517       0x1f ../file_read_test_bsp/\libhal_bsp.a(alt_dcache_flush_all.o)
                                        0x157 (size before relaxing)
 .debug_str     0x0000000000000536      0x12c ../file_read_test_bsp/\libhal_bsp.a(alt_dev.o)
                                        0x307 (size before relaxing)
 .debug_str     0x0000000000000662       0x4e ../file_read_test_bsp/\libhal_bsp.a(alt_dev_llist_insert.o)
                                        0x1ce (size before relaxing)
 .debug_str     0x00000000000006b0       0x14 ../file_read_test_bsp/\libhal_bsp.a(alt_errno.o)
                                        0x147 (size before relaxing)
 .debug_str     0x00000000000006c4       0x1f ../file_read_test_bsp/\libhal_bsp.a(alt_icache_flush_all.o)
                                        0x157 (size before relaxing)
 .debug_str     0x00000000000006e3       0x20 ../file_read_test_bsp/\libhal_bsp.a(altera_nios2_gen2_irq.o)
                                        0x187 (size before relaxing)
 .debug_str     0x0000000000000703      0x134 c:/intelfpga_lite/18.1/nios2eds/bin/gnu/h-x86_64-mingw32/bin/../lib/gcc/nios2-elf/5.3.0/../../../../../H-x86_64-mingw32/nios2-elf/lib/mno-hw-mul\libsmallc.a(lib_a-int_errno.o)
                                        0x1d8 (size before relaxing)
 .debug_str     0x0000000000000837       0xd9 c:/intelfpga_lite/18.1/nios2eds/bin/gnu/h-x86_64-mingw32/bin/../lib/gcc/nios2-elf/5.3.0/../../../../../H-x86_64-mingw32/nios2-elf/lib/mno-hw-mul\libsmallc.a(lib_a-strlen.o)
                                        0x1e5 (size before relaxing)

.debug_loc      0x0000000000000000      0x17f
 *(.debug_loc)
 .debug_loc     0x0000000000000000       0x37 ../file_read_test_bsp/\libhal_bsp.a(alt_putstr.o)
 .debug_loc     0x0000000000000037       0x21 ../file_read_test_bsp/\libhal_bsp.a(alt_sys_init.o)
 .debug_loc     0x0000000000000058       0x8b ../file_read_test_bsp/\libhal_bsp.a(altera_avalon_jtag_uart_write.o)
 .debug_loc     0x00000000000000e3       0x7e ../file_read_test_bsp/\libhal_bsp.a(alt_dev_llist_insert.o)
 .debug_loc     0x0000000000000161       0x1e c:/intelfpga_lite/18.1/nios2eds/bin/gnu/h-x86_64-mingw32/bin/../lib/gcc/nios2-elf/5.3.0/../../../../../H-x86_64-mingw32/nios2-elf/lib/mno-hw-mul\libsmallc.a(lib_a-strlen.o)

.debug_macinfo
 *(.debug_macinfo)

.debug_weaknames
 *(.debug_weaknames)

.debug_funcnames
 *(.debug_funcnames)

.debug_typenames
 *(.debug_typenames)

.debug_varnames
 *(.debug_varnames)

.debug_alt_sim_info
                0x0000000000000000       0x10
 *(.debug_alt_sim_info)
 .debug_alt_sim_info
                0x0000000000000000       0x10 ../file_read_test_bsp//obj/HAL/src/crt0.o
                0x0000000000020000                __alt_data_end = 0x20000
                0x0000000000020000                PROVIDE (__alt_stack_pointer, __alt_data_end)
                [!provide]                        PROVIDE (__alt_stack_limit, __alt_stack_base)
                [!provide]                        PROVIDE (__alt_heap_start, end)
                [!provide]                        PROVIDE (__alt_heap_limit, 0x20000)
OUTPUT(file_read_test.elf elf32-littlenios2)

.debug_ranges   0x0000000000000000       0xc0
 .debug_ranges  0x0000000000000000       0x20 ../file_read_test_bsp//obj/HAL/src/crt0.o
 .debug_ranges  0x0000000000000020       0x10 obj/default/hello_world_small.o
 .debug_ranges  0x0000000000000030       0x48 ../file_read_test_bsp/\libhal_bsp.a(alt_load.o)
 .debug_ranges  0x0000000000000078       0x18 ../file_read_test_bsp/\libhal_bsp.a(alt_sys_init.o)
 .debug_ranges  0x0000000000000090       0x20 ../file_read_test_bsp/\libhal_bsp.a(alt_dev_llist_insert.o)
 .debug_ranges  0x00000000000000b0       0x10 c:/intelfpga_lite/18.1/nios2eds/bin/gnu/h-x86_64-mingw32/bin/../lib/gcc/nios2-elf/5.3.0/../../../../../H-x86_64-mingw32/nios2-elf/lib/mno-hw-mul\libsmallc.a(lib_a-strlen.o)
