Archive member included to satisfy reference by file (symbol)

c:/intelfpga_lite/18.1/nios2eds/bin/gnu/h-x86_64-mingw32/bin/../lib/gcc/nios2-elf/5.3.0/mno-hw-mul\libgcc.a(adddf3.o)
                              obj/default/board_code.o (__adddf3)
c:/intelfpga_lite/18.1/nios2eds/bin/gnu/h-x86_64-mingw32/bin/../lib/gcc/nios2-elf/5.3.0/mno-hw-mul\libgcc.a(muldf3.o)
                              obj/default/board_code.o (__muldf3)
c:/intelfpga_lite/18.1/nios2eds/bin/gnu/h-x86_64-mingw32/bin/../lib/gcc/nios2-elf/5.3.0/mno-hw-mul\libgcc.a(fixdfsi.o)
                              obj/default/board_code.o (__fixdfsi)
c:/intelfpga_lite/18.1/nios2eds/bin/gnu/h-x86_64-mingw32/bin/../lib/gcc/nios2-elf/5.3.0/mno-hw-mul\libgcc.a(floatsidf.o)
                              obj/default/board_code.o (__floatsidf)
c:/intelfpga_lite/18.1/nios2eds/bin/gnu/h-x86_64-mingw32/bin/../lib/gcc/nios2-elf/5.3.0/mno-hw-mul\libgcc.a(_clzsi2.o)
                              c:/intelfpga_lite/18.1/nios2eds/bin/gnu/h-x86_64-mingw32/bin/../lib/gcc/nios2-elf/5.3.0/mno-hw-mul\libgcc.a(adddf3.o) (__clzsi2)
c:/intelfpga_lite/18.1/nios2eds/bin/gnu/h-x86_64-mingw32/bin/../lib/gcc/nios2-elf/5.3.0/mno-hw-mul\libgcc.a(lib2-mul.o)
                              c:/intelfpga_lite/18.1/nios2eds/bin/gnu/h-x86_64-mingw32/bin/../lib/gcc/nios2-elf/5.3.0/mno-hw-mul\libgcc.a(muldf3.o) (__mulsi3)
c:/intelfpga_lite/18.1/nios2eds/bin/gnu/h-x86_64-mingw32/bin/../lib/gcc/nios2-elf/5.3.0/mno-hw-mul\libgcc.a(_clz.o)
                              c:/intelfpga_lite/18.1/nios2eds/bin/gnu/h-x86_64-mingw32/bin/../lib/gcc/nios2-elf/5.3.0/mno-hw-mul\libgcc.a(_clzsi2.o) (__clz_tab)
c:/intelfpga_lite/18.1/nios2eds/bin/gnu/h-x86_64-mingw32/bin/../lib/gcc/nios2-elf/5.3.0/../../../../../H-x86_64-mingw32/nios2-elf/lib/mno-hw-mul\libsmallc.a(lib_a-memset.o)
                              obj/default/board_code.o (memset)
../InfoLabs_final_bsp/\libhal_bsp.a(alt_irq_register.o)
                              obj/default/board_code.o (alt_irq_register)
../InfoLabs_final_bsp/\libhal_bsp.a(alt_irq_vars.o)
                              ../InfoLabs_final_bsp/\libhal_bsp.a(alt_irq_register.o) (alt_irq_active)
../InfoLabs_final_bsp/\libhal_bsp.a(alt_load.o)
                              ../InfoLabs_final_bsp//obj/HAL/src/crt0.o (alt_load)
../InfoLabs_final_bsp/\libhal_bsp.a(alt_main.o)
                              ../InfoLabs_final_bsp//obj/HAL/src/crt0.o (alt_main)
../InfoLabs_final_bsp/\libhal_bsp.a(alt_printf.o)
                              obj/default/board_code.o (alt_printf)
../InfoLabs_final_bsp/\libhal_bsp.a(alt_putchar.o)
                              ../InfoLabs_final_bsp/\libhal_bsp.a(alt_printf.o) (alt_putchar)
../InfoLabs_final_bsp/\libhal_bsp.a(alt_sys_init.o)
                              ../InfoLabs_final_bsp/\libhal_bsp.a(alt_main.o) (alt_irq_init)
../InfoLabs_final_bsp/\libhal_bsp.a(altera_avalon_jtag_uart_write.o)
                              ../InfoLabs_final_bsp/\libhal_bsp.a(alt_putchar.o) (altera_avalon_jtag_uart_write)
../InfoLabs_final_bsp/\libhal_bsp.a(altera_up_avalon_accelerometer_spi.o)
                              obj/default/board_code.o (alt_up_accelerometer_spi_open_dev)
../InfoLabs_final_bsp/\libhal_bsp.a(alt_dcache_flush_all.o)
                              ../InfoLabs_final_bsp/\libhal_bsp.a(alt_load.o) (alt_dcache_flush_all)
../InfoLabs_final_bsp/\libhal_bsp.a(alt_dev.o)
                              ../InfoLabs_final_bsp/\libhal_bsp.a(alt_sys_init.o) (alt_dev_list)
../InfoLabs_final_bsp/\libhal_bsp.a(alt_dev_llist_insert.o)
                              ../InfoLabs_final_bsp/\libhal_bsp.a(alt_sys_init.o) (alt_dev_llist_insert)
../InfoLabs_final_bsp/\libhal_bsp.a(alt_errno.o)
                              ../InfoLabs_final_bsp/\libhal_bsp.a(alt_dev_llist_insert.o) (alt_errno)
../InfoLabs_final_bsp/\libhal_bsp.a(alt_find_dev.o)
                              ../InfoLabs_final_bsp/\libhal_bsp.a(altera_up_avalon_accelerometer_spi.o) (alt_find_dev)
../InfoLabs_final_bsp/\libhal_bsp.a(alt_icache_flush_all.o)
                              ../InfoLabs_final_bsp/\libhal_bsp.a(alt_load.o) (alt_icache_flush_all)
../InfoLabs_final_bsp/\libhal_bsp.a(alt_irq_entry.o)
                              ../InfoLabs_final_bsp/\libhal_bsp.a(alt_irq_register.o) (alt_irq_entry)
../InfoLabs_final_bsp/\libhal_bsp.a(alt_irq_handler.o)
                              ../InfoLabs_final_bsp/\libhal_bsp.a(alt_irq_register.o) (alt_irq_handler)
../InfoLabs_final_bsp/\libhal_bsp.a(altera_nios2_gen2_irq.o)
                              ../InfoLabs_final_bsp/\libhal_bsp.a(alt_sys_init.o) (altera_nios2_gen2_irq_init)
../InfoLabs_final_bsp/\libhal_bsp.a(alt_exception_entry.o)
                              ../InfoLabs_final_bsp/\libhal_bsp.a(alt_irq_entry.o) (alt_exception)
../InfoLabs_final_bsp/\libhal_bsp.a(alt_instruction_exception_entry.o)
                              ../InfoLabs_final_bsp/\libhal_bsp.a(alt_exception_entry.o) (alt_instruction_exception_entry)
c:/intelfpga_lite/18.1/nios2eds/bin/gnu/h-x86_64-mingw32/bin/../lib/gcc/nios2-elf/5.3.0/../../../../../H-x86_64-mingw32/nios2-elf/lib/mno-hw-mul\libsmallc.a(lib_a-int_errno.o)
                              ../InfoLabs_final_bsp/\libhal_bsp.a(alt_dev_llist_insert.o) (errno)
c:/intelfpga_lite/18.1/nios2eds/bin/gnu/h-x86_64-mingw32/bin/../lib/gcc/nios2-elf/5.3.0/../../../../../H-x86_64-mingw32/nios2-elf/lib/mno-hw-mul\libsmallc.a(lib_a-memcmp.o)
                              ../InfoLabs_final_bsp/\libhal_bsp.a(alt_find_dev.o) (memcmp)
c:/intelfpga_lite/18.1/nios2eds/bin/gnu/h-x86_64-mingw32/bin/../lib/gcc/nios2-elf/5.3.0/../../../../../H-x86_64-mingw32/nios2-elf/lib/mno-hw-mul\libsmallc.a(lib_a-strlen.o)
                              ../InfoLabs_final_bsp/\libhal_bsp.a(alt_find_dev.o) (strlen)

Allocating common symbols
Common symbol       size              file

alt_irq             0x100             ../InfoLabs_final_bsp/\libhal_bsp.a(alt_irq_handler.o)
errno               0x4               c:/intelfpga_lite/18.1/nios2eds/bin/gnu/h-x86_64-mingw32/bin/../lib/gcc/nios2-elf/5.3.0/../../../../../H-x86_64-mingw32/nios2-elf/lib/mno-hw-mul\libsmallc.a(lib_a-int_errno.o)
led                 0x1               obj/default/board_code.o

Memory Configuration

Name             Origin             Length             Attributes
reset            0x0000000000010000 0x0000000000000020
onchip_memory    0x0000000000010020 0x000000000000ffe0
*default*        0x0000000000000000 0xffffffffffffffff

Linker script and memory map

LOAD ../InfoLabs_final_bsp//obj/HAL/src/crt0.o
LOAD obj/default/board_code.o
LOAD c:/intelfpga_lite/18.1/nios2eds/bin/gnu/h-x86_64-mingw32/bin/../lib/gcc/nios2-elf/5.3.0/../../../../../H-x86_64-mingw32/nios2-elf/lib/mno-hw-mul\libstdc++.a
LOAD c:/intelfpga_lite/18.1/nios2eds/bin/gnu/h-x86_64-mingw32/bin/../lib/gcc/nios2-elf/5.3.0/../../../../../H-x86_64-mingw32/nios2-elf/lib/mno-hw-mul\libm.a
LOAD c:/intelfpga_lite/18.1/nios2eds/bin/gnu/h-x86_64-mingw32/bin/../lib/gcc/nios2-elf/5.3.0/mno-hw-mul\libgcc.a
START GROUP
LOAD c:/intelfpga_lite/18.1/nios2eds/bin/gnu/h-x86_64-mingw32/bin/../lib/gcc/nios2-elf/5.3.0/../../../../../H-x86_64-mingw32/nios2-elf/lib/mno-hw-mul\libsmallc.a
LOAD c:/intelfpga_lite/18.1/nios2eds/bin/gnu/h-x86_64-mingw32/bin/../lib/gcc/nios2-elf/5.3.0/mno-hw-mul\libgcc.a
LOAD ../InfoLabs_final_bsp/\libhal_bsp.a
LOAD c:/intelfpga_lite/18.1/nios2eds/bin/gnu/h-x86_64-mingw32/bin/../lib/gcc/nios2-elf/5.3.0/../../../../../H-x86_64-mingw32/nios2-elf/lib/mno-hw-mul\libm.a
END GROUP
LOAD c:/intelfpga_lite/18.1/nios2eds/bin/gnu/h-x86_64-mingw32/bin/../lib/gcc/nios2-elf/5.3.0/mno-hw-mul\libgcc.a
                0x0000000000010000                __alt_mem_onchip_memory = 0x10000

.entry          0x0000000000010000       0x20
 *(.entry)
 .entry         0x0000000000010000       0x20 ../InfoLabs_final_bsp//obj/HAL/src/crt0.o
                0x0000000000010000                __reset
                0x000000000001000c                _exit

.exceptions     0x0000000000010020      0x160
                0x0000000000010020                PROVIDE (__ram_exceptions_start, ABSOLUTE (.))
                0x0000000000010020                . = ALIGN (0x20)
 *(.irq)
 *(.exceptions.entry.label)
 .exceptions.entry.label
                0x0000000000010020        0x0 ../InfoLabs_final_bsp/\libhal_bsp.a(alt_irq_entry.o)
                0x0000000000010020                alt_irq_entry
 .exceptions.entry.label
                0x0000000000010020        0x0 ../InfoLabs_final_bsp/\libhal_bsp.a(alt_exception_entry.o)
                0x0000000000010020                alt_exception
 *(.exceptions.entry.user)
 *(.exceptions.entry.ecc_fatal)
 *(.exceptions.entry)
 .exceptions.entry
                0x0000000000010020       0x54 ../InfoLabs_final_bsp/\libhal_bsp.a(alt_exception_entry.o)
 *(.exceptions.irqtest.user)
 *(.exceptions.irqtest)
 .exceptions.irqtest
                0x0000000000010074       0x10 ../InfoLabs_final_bsp/\libhal_bsp.a(alt_irq_entry.o)
 *(.exceptions.irqhandler.user)
 *(.exceptions.irqhandler)
 .exceptions.irqhandler
                0x0000000000010084        0x4 ../InfoLabs_final_bsp/\libhal_bsp.a(alt_irq_entry.o)
 *(.exceptions.irqreturn.user)
 *(.exceptions.irqreturn)
 .exceptions.irqreturn
                0x0000000000010088        0x4 ../InfoLabs_final_bsp/\libhal_bsp.a(alt_irq_entry.o)
 *(.exceptions.notirq.label)
 .exceptions.notirq.label
                0x000000000001008c        0x0 ../InfoLabs_final_bsp/\libhal_bsp.a(alt_irq_entry.o)
 *(.exceptions.notirq.user)
 *(.exceptions.notirq)
 .exceptions.notirq
                0x000000000001008c        0x8 ../InfoLabs_final_bsp/\libhal_bsp.a(alt_exception_entry.o)
 *(.exceptions.soft.user)
 *(.exceptions.soft)
 *(.exceptions.unknown.user)
 *(.exceptions.unknown)
 .exceptions.unknown
                0x0000000000010094       0x14 ../InfoLabs_final_bsp/\libhal_bsp.a(alt_exception_entry.o)
 *(.exceptions.exit.label)
 .exceptions.exit.label
                0x00000000000100a8        0x0 ../InfoLabs_final_bsp/\libhal_bsp.a(alt_irq_entry.o)
 .exceptions.exit.label
                0x00000000000100a8        0x0 ../InfoLabs_final_bsp/\libhal_bsp.a(alt_exception_entry.o)
 *(.exceptions.exit.user)
 *(.exceptions.exit)
 .exceptions.exit
                0x00000000000100a8       0x54 ../InfoLabs_final_bsp/\libhal_bsp.a(alt_exception_entry.o)
 *(.exceptions)
 .exceptions    0x00000000000100fc       0x60 ../InfoLabs_final_bsp/\libhal_bsp.a(alt_irq_handler.o)
                0x00000000000100fc                alt_irq_handler
 .exceptions    0x000000000001015c       0x24 ../InfoLabs_final_bsp/\libhal_bsp.a(alt_instruction_exception_entry.o)
                0x000000000001015c                alt_instruction_exception_entry
                0x0000000000010180                PROVIDE (__ram_exceptions_end, ABSOLUTE (.))
                0x0000000000010020                PROVIDE (__flash_exceptions_start, LOADADDR (.exceptions))

.text           0x0000000000010180     0x1da4
                [!provide]                        PROVIDE (stext, ABSOLUTE (.))
 *(.interp)
 *(.hash)
 *(.dynsym)
 *(.dynstr)
 *(.gnu.version)
 *(.gnu.version_d)
 *(.gnu.version_r)
 *(.rel.init)
 *(.rela.init)
 *(.rel.text .rel.text.* .rel.gnu.linkonce.t.*)
 *(.rela.text .rela.text.* .rela.gnu.linkonce.t.*)
 *(.rel.fini)
 *(.rela.fini)
 *(.rel.rodata .rel.rodata.* .rel.gnu.linkonce.r.*)
 *(.rela.rodata .rela.rodata.* .rela.gnu.linkonce.r.*)
 *(.rel.data .rel.data.* .rel.gnu.linkonce.d.*)
 *(.rela.data .rela.data.* .rela.gnu.linkonce.d.*)
 *(.rel.tdata .rel.tdata.* .rel.gnu.linkonce.td.*)
 *(.rela.tdata .rela.tdata.* .rela.gnu.linkonce.td.*)
 *(.rel.tbss .rel.tbss.* .rel.gnu.linkonce.tb.*)
 *(.rela.tbss .rela.tbss.* .rela.gnu.linkonce.tb.*)
 *(.rel.ctors)
 *(.rela.ctors)
 *(.rel.dtors)
 *(.rela.dtors)
 *(.rel.got)
 *(.rela.got)
 *(.rel.sdata .rel.sdata.* .rel.gnu.linkonce.s.*)
 *(.rela.sdata .rela.sdata.* .rela.gnu.linkonce.s.*)
 *(.rel.sbss .rel.sbss.* .rel.gnu.linkonce.sb.*)
 *(.rela.sbss .rela.sbss.* .rela.gnu.linkonce.sb.*)
 *(.rel.sdata2 .rel.sdata2.* .rel.gnu.linkonce.s2.*)
 *(.rela.sdata2 .rela.sdata2.* .rela.gnu.linkonce.s2.*)
 *(.rel.sbss2 .rel.sbss2.* .rel.gnu.linkonce.sb2.*)
 *(.rela.sbss2 .rela.sbss2.* .rela.gnu.linkonce.sb2.*)
 *(.rel.bss .rel.bss.* .rel.gnu.linkonce.b.*)
 *(.rela.bss .rela.bss.* .rela.gnu.linkonce.b.*)
 *(.rel.plt)
 *(.rela.plt)
 *(.rel.dyn)
 *(.init)
 *(.plt)
 *(.text .stub .text.* .gnu.linkonce.t.*)
 .text          0x0000000000010180       0x3c ../InfoLabs_final_bsp//obj/HAL/src/crt0.o
                0x0000000000010180                _start
 .text          0x00000000000101bc      0x138 obj/default/board_code.o
                0x00000000000101bc                sys_timer_isr
                0x000000000001023c                led_write
                0x0000000000010250                convert_read
                0x0000000000010284                timer_init
 .text.startup  0x00000000000102f4      0x23c obj/default/board_code.o
                0x00000000000102f4                main
 .text          0x0000000000010530      0x8ac c:/intelfpga_lite/18.1/nios2eds/bin/gnu/h-x86_64-mingw32/bin/../lib/gcc/nios2-elf/5.3.0/mno-hw-mul\libgcc.a(adddf3.o)
                0x0000000000010530                __adddf3
 .text          0x0000000000010ddc      0x86c c:/intelfpga_lite/18.1/nios2eds/bin/gnu/h-x86_64-mingw32/bin/../lib/gcc/nios2-elf/5.3.0/mno-hw-mul\libgcc.a(muldf3.o)
                0x0000000000010ddc                __muldf3
 .text          0x0000000000011648       0x80 c:/intelfpga_lite/18.1/nios2eds/bin/gnu/h-x86_64-mingw32/bin/../lib/gcc/nios2-elf/5.3.0/mno-hw-mul\libgcc.a(fixdfsi.o)
                0x0000000000011648                __fixdfsi
 .text          0x00000000000116c8       0xdc c:/intelfpga_lite/18.1/nios2eds/bin/gnu/h-x86_64-mingw32/bin/../lib/gcc/nios2-elf/5.3.0/mno-hw-mul\libgcc.a(floatsidf.o)
                0x00000000000116c8                __floatsidf
 .text          0x00000000000117a4       0x64 c:/intelfpga_lite/18.1/nios2eds/bin/gnu/h-x86_64-mingw32/bin/../lib/gcc/nios2-elf/5.3.0/mno-hw-mul\libgcc.a(_clzsi2.o)
                0x00000000000117a4                __clzsi2
 .text          0x0000000000011808       0x28 c:/intelfpga_lite/18.1/nios2eds/bin/gnu/h-x86_64-mingw32/bin/../lib/gcc/nios2-elf/5.3.0/mno-hw-mul\libgcc.a(lib2-mul.o)
                0x0000000000011808                __mulsi3
 .text          0x0000000000011830        0x0 c:/intelfpga_lite/18.1/nios2eds/bin/gnu/h-x86_64-mingw32/bin/../lib/gcc/nios2-elf/5.3.0/mno-hw-mul\libgcc.a(_clz.o)
 .text          0x0000000000011830        0x0 c:/intelfpga_lite/18.1/nios2eds/bin/gnu/h-x86_64-mingw32/bin/../lib/gcc/nios2-elf/5.3.0/../../../../../H-x86_64-mingw32/nios2-elf/lib/mno-hw-mul\libsmallc.a(lib_a-memset.o)
 .text.memset   0x0000000000011830       0x20 c:/intelfpga_lite/18.1/nios2eds/bin/gnu/h-x86_64-mingw32/bin/../lib/gcc/nios2-elf/5.3.0/../../../../../H-x86_64-mingw32/nios2-elf/lib/mno-hw-mul\libsmallc.a(lib_a-memset.o)
                0x0000000000011830                memset
 .text          0x0000000000011850       0x94 ../InfoLabs_final_bsp/\libhal_bsp.a(alt_irq_register.o)
                0x0000000000011850                alt_irq_register
 .text          0x00000000000118e4        0x0 ../InfoLabs_final_bsp/\libhal_bsp.a(alt_irq_vars.o)
 .text          0x00000000000118e4       0xe0 ../InfoLabs_final_bsp/\libhal_bsp.a(alt_load.o)
                0x00000000000118e4                alt_load
 .text          0x00000000000119c4       0x2c ../InfoLabs_final_bsp/\libhal_bsp.a(alt_main.o)
                0x00000000000119c4                alt_main
 .text          0x00000000000119f0      0x170 ../InfoLabs_final_bsp/\libhal_bsp.a(alt_printf.o)
                0x00000000000119f0                alt_printf
 .text          0x0000000000011b60       0x48 ../InfoLabs_final_bsp/\libhal_bsp.a(alt_putchar.o)
                0x0000000000011b60                alt_putchar
 .text          0x0000000000011ba8       0x30 ../InfoLabs_final_bsp/\libhal_bsp.a(alt_sys_init.o)
                0x0000000000011ba8                alt_irq_init
                0x0000000000011bc8                alt_sys_init
 .text          0x0000000000011bd8       0x34 ../InfoLabs_final_bsp/\libhal_bsp.a(altera_avalon_jtag_uart_write.o)
                0x0000000000011bd8                altera_avalon_jtag_uart_write
 .text          0x0000000000011c0c      0x160 ../InfoLabs_final_bsp/\libhal_bsp.a(altera_up_avalon_accelerometer_spi.o)
                0x0000000000011c0c                alt_up_accelerometer_spi_open_dev
                0x0000000000011c14                alt_up_accelerometer_spi_read_address_register
                0x0000000000011c28                alt_up_accelerometer_spi_read
                0x0000000000011c48                alt_up_accelerometer_spi_write
                0x0000000000011c64                alt_up_accelerometer_spi_read_x_axis
                0x0000000000011cbc                alt_up_accelerometer_spi_read_y_axis
                0x0000000000011d14                alt_up_accelerometer_spi_read_z_axis
 .text          0x0000000000011d6c        0x4 ../InfoLabs_final_bsp/\libhal_bsp.a(alt_dcache_flush_all.o)
                0x0000000000011d6c                alt_dcache_flush_all
 .text          0x0000000000011d70        0x8 ../InfoLabs_final_bsp/\libhal_bsp.a(alt_dev.o)
 .text          0x0000000000011d78       0x6c ../InfoLabs_final_bsp/\libhal_bsp.a(alt_dev_llist_insert.o)
                0x0000000000011d78                alt_dev_llist_insert
 .text          0x0000000000011de4        0x0 ../InfoLabs_final_bsp/\libhal_bsp.a(alt_errno.o)
 .text          0x0000000000011de4       0x74 ../InfoLabs_final_bsp/\libhal_bsp.a(alt_find_dev.o)
                0x0000000000011de4                alt_find_dev
 .text          0x0000000000011e58        0x4 ../InfoLabs_final_bsp/\libhal_bsp.a(alt_icache_flush_all.o)
                0x0000000000011e58                alt_icache_flush_all
 .text          0x0000000000011e5c        0x0 ../InfoLabs_final_bsp/\libhal_bsp.a(alt_irq_entry.o)
 .text          0x0000000000011e5c        0x0 ../InfoLabs_final_bsp/\libhal_bsp.a(alt_irq_handler.o)
 .text          0x0000000000011e5c        0x8 ../InfoLabs_final_bsp/\libhal_bsp.a(altera_nios2_gen2_irq.o)
                0x0000000000011e5c                altera_nios2_gen2_irq_init
 .text          0x0000000000011e64        0x0 ../InfoLabs_final_bsp/\libhal_bsp.a(alt_exception_entry.o)
 .text          0x0000000000011e64       0x74 ../InfoLabs_final_bsp/\libhal_bsp.a(alt_instruction_exception_entry.o)
                0x0000000000011e64                alt_exception_cause_generated_bad_addr
 .text          0x0000000000011ed8        0x0 c:/intelfpga_lite/18.1/nios2eds/bin/gnu/h-x86_64-mingw32/bin/../lib/gcc/nios2-elf/5.3.0/../../../../../H-x86_64-mingw32/nios2-elf/lib/mno-hw-mul\libsmallc.a(lib_a-int_errno.o)
 .text          0x0000000000011ed8        0x0 c:/intelfpga_lite/18.1/nios2eds/bin/gnu/h-x86_64-mingw32/bin/../lib/gcc/nios2-elf/5.3.0/../../../../../H-x86_64-mingw32/nios2-elf/lib/mno-hw-mul\libsmallc.a(lib_a-memcmp.o)
 .text.memcmp   0x0000000000011ed8       0x30 c:/intelfpga_lite/18.1/nios2eds/bin/gnu/h-x86_64-mingw32/bin/../lib/gcc/nios2-elf/5.3.0/../../../../../H-x86_64-mingw32/nios2-elf/lib/mno-hw-mul\libsmallc.a(lib_a-memcmp.o)
                0x0000000000011ed8                memcmp
 .text          0x0000000000011f08        0x0 c:/intelfpga_lite/18.1/nios2eds/bin/gnu/h-x86_64-mingw32/bin/../lib/gcc/nios2-elf/5.3.0/../../../../../H-x86_64-mingw32/nios2-elf/lib/mno-hw-mul\libsmallc.a(lib_a-strlen.o)
 .text.strlen   0x0000000000011f08       0x1c c:/intelfpga_lite/18.1/nios2eds/bin/gnu/h-x86_64-mingw32/bin/../lib/gcc/nios2-elf/5.3.0/../../../../../H-x86_64-mingw32/nios2-elf/lib/mno-hw-mul\libsmallc.a(lib_a-strlen.o)
                0x0000000000011f08                strlen
 *(.gnu.warning.*)
 *(.fini)
                [!provide]                        PROVIDE (__etext, ABSOLUTE (.))
                [!provide]                        PROVIDE (_etext, ABSOLUTE (.))
                [!provide]                        PROVIDE (etext, ABSOLUTE (.))
 *(.eh_frame_hdr)
                0x0000000000011f24                . = ALIGN (0x4)
                [!provide]                        PROVIDE (__preinit_array_start, ABSOLUTE (.))
 *(.preinit_array)
                [!provide]                        PROVIDE (__preinit_array_end, ABSOLUTE (.))
                [!provide]                        PROVIDE (__init_array_start, ABSOLUTE (.))
 *(.init_array)
                [!provide]                        PROVIDE (__init_array_end, ABSOLUTE (.))
                [!provide]                        PROVIDE (__fini_array_start, ABSOLUTE (.))
 *(.fini_array)
                [!provide]                        PROVIDE (__fini_array_end, ABSOLUTE (.))
 *(.eh_frame)
 *(.gcc_except_table .gcc_except_table.*)
 *(.dynamic)
                [!provide]                        PROVIDE (__CTOR_LIST__, ABSOLUTE (.))
 *(.ctors)
 *(SORT(.ctors.*))
                [!provide]                        PROVIDE (__CTOR_END__, ABSOLUTE (.))
                [!provide]                        PROVIDE (__DTOR_LIST__, ABSOLUTE (.))
 *(.dtors)
 *(SORT(.dtors.*))
                [!provide]                        PROVIDE (__DTOR_END__, ABSOLUTE (.))
 *(.jcr)
                0x0000000000011f24                . = ALIGN (0x4)

.rodata         0x0000000000011f24      0x18c
                0x0000000000011f24                PROVIDE (__ram_rodata_start, ABSOLUTE (.))
                0x0000000000011f24                . = ALIGN (0x4)
 *(.rodata .rodata.* .gnu.linkonce.r.*)
 .rodata.str1.4
                0x0000000000011f24       0x7f obj/default/board_code.o
 .rodata        0x0000000000011fa3      0x100 c:/intelfpga_lite/18.1/nios2eds/bin/gnu/h-x86_64-mingw32/bin/../lib/gcc/nios2-elf/5.3.0/mno-hw-mul\libgcc.a(_clz.o)
                0x0000000000011fa3                __clz_tab
 .rodata.str1.4
                0x00000000000120a3       0x17 ../InfoLabs_final_bsp/\libhal_bsp.a(alt_sys_init.o)
 *fill*         0x00000000000120a3        0x1 
 .rodata.str1.4
                0x00000000000120a4        0xc ../InfoLabs_final_bsp/\libhal_bsp.a(alt_dev.o)
                                          0xa (size before relaxing)
 *(.rodata1)
                0x00000000000120b0                . = ALIGN (0x4)
                0x00000000000120b0                PROVIDE (__ram_rodata_end, ABSOLUTE (.))
                0x0000000000011f24                PROVIDE (__flash_rodata_start, LOADADDR (.rodata))

.rwdata         0x00000000000120b0       0xa4 load address 0x0000000000012154
                0x00000000000120b0                PROVIDE (__ram_rwdata_start, ABSOLUTE (.))
                0x00000000000120b0                . = ALIGN (0x4)
 *(.got.plt)
 *(.got)
 *(.data1)
 *(.data .data.* .gnu.linkonce.d.*)
 .data          0x00000000000120b0        0x0 ../InfoLabs_final_bsp//obj/HAL/src/crt0.o
 .data          0x00000000000120b0        0x0 obj/default/board_code.o
 .data          0x00000000000120b0        0x0 c:/intelfpga_lite/18.1/nios2eds/bin/gnu/h-x86_64-mingw32/bin/../lib/gcc/nios2-elf/5.3.0/mno-hw-mul\libgcc.a(adddf3.o)
 .data          0x00000000000120b0        0x0 c:/intelfpga_lite/18.1/nios2eds/bin/gnu/h-x86_64-mingw32/bin/../lib/gcc/nios2-elf/5.3.0/mno-hw-mul\libgcc.a(muldf3.o)
 .data          0x00000000000120b0        0x0 c:/intelfpga_lite/18.1/nios2eds/bin/gnu/h-x86_64-mingw32/bin/../lib/gcc/nios2-elf/5.3.0/mno-hw-mul\libgcc.a(fixdfsi.o)
 .data          0x00000000000120b0        0x0 c:/intelfpga_lite/18.1/nios2eds/bin/gnu/h-x86_64-mingw32/bin/../lib/gcc/nios2-elf/5.3.0/mno-hw-mul\libgcc.a(floatsidf.o)
 .data          0x00000000000120b0        0x0 c:/intelfpga_lite/18.1/nios2eds/bin/gnu/h-x86_64-mingw32/bin/../lib/gcc/nios2-elf/5.3.0/mno-hw-mul\libgcc.a(_clzsi2.o)
 .data          0x00000000000120b0        0x0 c:/intelfpga_lite/18.1/nios2eds/bin/gnu/h-x86_64-mingw32/bin/../lib/gcc/nios2-elf/5.3.0/mno-hw-mul\libgcc.a(lib2-mul.o)
 .data          0x00000000000120b0        0x0 c:/intelfpga_lite/18.1/nios2eds/bin/gnu/h-x86_64-mingw32/bin/../lib/gcc/nios2-elf/5.3.0/mno-hw-mul\libgcc.a(_clz.o)
 .data          0x00000000000120b0        0x0 c:/intelfpga_lite/18.1/nios2eds/bin/gnu/h-x86_64-mingw32/bin/../lib/gcc/nios2-elf/5.3.0/../../../../../H-x86_64-mingw32/nios2-elf/lib/mno-hw-mul\libsmallc.a(lib_a-memset.o)
 .data          0x00000000000120b0        0x0 ../InfoLabs_final_bsp/\libhal_bsp.a(alt_irq_register.o)
 .data          0x00000000000120b0        0x0 ../InfoLabs_final_bsp/\libhal_bsp.a(alt_irq_vars.o)
 .data          0x00000000000120b0        0x0 ../InfoLabs_final_bsp/\libhal_bsp.a(alt_load.o)
 .data          0x00000000000120b0        0x0 ../InfoLabs_final_bsp/\libhal_bsp.a(alt_main.o)
 .data          0x00000000000120b0        0x0 ../InfoLabs_final_bsp/\libhal_bsp.a(alt_printf.o)
 .data          0x00000000000120b0        0x0 ../InfoLabs_final_bsp/\libhal_bsp.a(alt_putchar.o)
 .data          0x00000000000120b0       0x2c ../InfoLabs_final_bsp/\libhal_bsp.a(alt_sys_init.o)
 .data          0x00000000000120dc        0x0 ../InfoLabs_final_bsp/\libhal_bsp.a(altera_avalon_jtag_uart_write.o)
 .data          0x00000000000120dc        0x0 ../InfoLabs_final_bsp/\libhal_bsp.a(altera_up_avalon_accelerometer_spi.o)
 .data          0x00000000000120dc        0x0 ../InfoLabs_final_bsp/\libhal_bsp.a(alt_dcache_flush_all.o)
 .data          0x00000000000120dc       0x58 ../InfoLabs_final_bsp/\libhal_bsp.a(alt_dev.o)
                0x00000000000120dc                alt_fd_list
                0x000000000001210c                alt_dev_null
 .data          0x0000000000012134        0x0 ../InfoLabs_final_bsp/\libhal_bsp.a(alt_dev_llist_insert.o)
 .data          0x0000000000012134        0x0 ../InfoLabs_final_bsp/\libhal_bsp.a(alt_errno.o)
 .data          0x0000000000012134        0x0 ../InfoLabs_final_bsp/\libhal_bsp.a(alt_find_dev.o)
 .data          0x0000000000012134        0x0 ../InfoLabs_final_bsp/\libhal_bsp.a(alt_icache_flush_all.o)
 .data          0x0000000000012134        0x0 ../InfoLabs_final_bsp/\libhal_bsp.a(alt_irq_entry.o)
 .data          0x0000000000012134        0x0 ../InfoLabs_final_bsp/\libhal_bsp.a(alt_irq_handler.o)
 .data          0x0000000000012134        0x0 ../InfoLabs_final_bsp/\libhal_bsp.a(altera_nios2_gen2_irq.o)
 .data          0x0000000000012134        0x0 ../InfoLabs_final_bsp/\libhal_bsp.a(alt_exception_entry.o)
 .data          0x0000000000012134        0x0 ../InfoLabs_final_bsp/\libhal_bsp.a(alt_instruction_exception_entry.o)
 .data          0x0000000000012134        0x0 c:/intelfpga_lite/18.1/nios2eds/bin/gnu/h-x86_64-mingw32/bin/../lib/gcc/nios2-elf/5.3.0/../../../../../H-x86_64-mingw32/nios2-elf/lib/mno-hw-mul\libsmallc.a(lib_a-int_errno.o)
 .data          0x0000000000012134        0x0 c:/intelfpga_lite/18.1/nios2eds/bin/gnu/h-x86_64-mingw32/bin/../lib/gcc/nios2-elf/5.3.0/../../../../../H-x86_64-mingw32/nios2-elf/lib/mno-hw-mul\libsmallc.a(lib_a-memcmp.o)
 .data          0x0000000000012134        0x0 c:/intelfpga_lite/18.1/nios2eds/bin/gnu/h-x86_64-mingw32/bin/../lib/gcc/nios2-elf/5.3.0/../../../../../H-x86_64-mingw32/nios2-elf/lib/mno-hw-mul\libsmallc.a(lib_a-strlen.o)
                0x000000000001a134                _gp = ABSOLUTE ((. + 0x8000))
                [!provide]                        PROVIDE (gp, _gp)
 *(.rwdata .rwdata.*)
 *(.sdata .sdata.* .gnu.linkonce.s.*)
 .sdata         0x0000000000012134        0x4 ../InfoLabs_final_bsp/\libhal_bsp.a(alt_irq_vars.o)
                0x0000000000012134                alt_priority_mask
 .sdata         0x0000000000012138        0x4 ../InfoLabs_final_bsp/\libhal_bsp.a(alt_sys_init.o)
                0x0000000000012138                jtag_uart
 .sdata         0x000000000001213c       0x14 ../InfoLabs_final_bsp/\libhal_bsp.a(alt_dev.o)
                0x000000000001213c                alt_max_fd
                0x0000000000012140                alt_dev_list
                0x0000000000012148                alt_fs_list
 .sdata         0x0000000000012150        0x4 ../InfoLabs_final_bsp/\libhal_bsp.a(alt_errno.o)
                0x0000000000012150                alt_errno
 *(.sdata2 .sdata2.* .gnu.linkonce.s2.*)
                0x0000000000012154                . = ALIGN (0x4)
                0x0000000000012154                _edata = ABSOLUTE (.)
                [!provide]                        PROVIDE (edata, ABSOLUTE (.))
                0x0000000000012154                PROVIDE (__ram_rwdata_end, ABSOLUTE (.))
                0x0000000000012154                PROVIDE (__flash_rwdata_start, LOADADDR (.rwdata))

.bss            0x00000000000121f8      0x120
                0x00000000000121f8                __bss_start = ABSOLUTE (.)
                [!provide]                        PROVIDE (__sbss_start, ABSOLUTE (.))
                [!provide]                        PROVIDE (___sbss_start, ABSOLUTE (.))
 *(.dynsbss)
 *(.sbss .sbss.* .gnu.linkonce.sb.*)
 .sbss          0x00000000000121f8        0x5 obj/default/board_code.o
                0x00000000000121f8                level
                0x00000000000121fc                pwm
 .sbss          0x00000000000121fd        0x1 obj/default/board_code.o
                0x00000000000121fd                led
 *fill*         0x00000000000121fe        0x2 
 .sbss          0x0000000000012200        0x4 ../InfoLabs_final_bsp/\libhal_bsp.a(alt_irq_vars.o)
                0x0000000000012200                alt_irq_active
 .sbss          0x0000000000012204        0xc ../InfoLabs_final_bsp/\libhal_bsp.a(alt_main.o)
                0x0000000000012204                alt_envp
                0x0000000000012208                alt_argv
                0x000000000001220c                alt_argc
 .sbss          0x0000000000012210        0x4 ../InfoLabs_final_bsp/\libhal_bsp.a(alt_instruction_exception_entry.o)
                0x0000000000012210                alt_instruction_exception_handler
 .sbss          0x0000000000012214        0x4 c:/intelfpga_lite/18.1/nios2eds/bin/gnu/h-x86_64-mingw32/bin/../lib/gcc/nios2-elf/5.3.0/../../../../../H-x86_64-mingw32/nios2-elf/lib/mno-hw-mul\libsmallc.a(lib_a-int_errno.o)
                0x0000000000012214                errno
 *(.sbss2 .sbss2.* .gnu.linkonce.sb2.*)
 *(.scommon)
                [!provide]                        PROVIDE (__sbss_end, ABSOLUTE (.))
                [!provide]                        PROVIDE (___sbss_end, ABSOLUTE (.))
 *(.dynbss)
 *(.bss .bss.* .gnu.linkonce.b.*)
 .bss           0x0000000000012218        0x0 ../InfoLabs_final_bsp//obj/HAL/src/crt0.o
 .bss           0x0000000000012218        0x0 obj/default/board_code.o
 .bss           0x0000000000012218        0x0 c:/intelfpga_lite/18.1/nios2eds/bin/gnu/h-x86_64-mingw32/bin/../lib/gcc/nios2-elf/5.3.0/mno-hw-mul\libgcc.a(adddf3.o)
 .bss           0x0000000000012218        0x0 c:/intelfpga_lite/18.1/nios2eds/bin/gnu/h-x86_64-mingw32/bin/../lib/gcc/nios2-elf/5.3.0/mno-hw-mul\libgcc.a(muldf3.o)
 .bss           0x0000000000012218        0x0 c:/intelfpga_lite/18.1/nios2eds/bin/gnu/h-x86_64-mingw32/bin/../lib/gcc/nios2-elf/5.3.0/mno-hw-mul\libgcc.a(fixdfsi.o)
 .bss           0x0000000000012218        0x0 c:/intelfpga_lite/18.1/nios2eds/bin/gnu/h-x86_64-mingw32/bin/../lib/gcc/nios2-elf/5.3.0/mno-hw-mul\libgcc.a(floatsidf.o)
 .bss           0x0000000000012218        0x0 c:/intelfpga_lite/18.1/nios2eds/bin/gnu/h-x86_64-mingw32/bin/../lib/gcc/nios2-elf/5.3.0/mno-hw-mul\libgcc.a(_clzsi2.o)
 .bss           0x0000000000012218        0x0 c:/intelfpga_lite/18.1/nios2eds/bin/gnu/h-x86_64-mingw32/bin/../lib/gcc/nios2-elf/5.3.0/mno-hw-mul\libgcc.a(lib2-mul.o)
 .bss           0x0000000000012218        0x0 c:/intelfpga_lite/18.1/nios2eds/bin/gnu/h-x86_64-mingw32/bin/../lib/gcc/nios2-elf/5.3.0/mno-hw-mul\libgcc.a(_clz.o)
 .bss           0x0000000000012218        0x0 c:/intelfpga_lite/18.1/nios2eds/bin/gnu/h-x86_64-mingw32/bin/../lib/gcc/nios2-elf/5.3.0/../../../../../H-x86_64-mingw32/nios2-elf/lib/mno-hw-mul\libsmallc.a(lib_a-memset.o)
 .bss           0x0000000000012218        0x0 ../InfoLabs_final_bsp/\libhal_bsp.a(alt_irq_register.o)
 .bss           0x0000000000012218        0x0 ../InfoLabs_final_bsp/\libhal_bsp.a(alt_irq_vars.o)
 .bss           0x0000000000012218        0x0 ../InfoLabs_final_bsp/\libhal_bsp.a(alt_load.o)
 .bss           0x0000000000012218        0x0 ../InfoLabs_final_bsp/\libhal_bsp.a(alt_main.o)
 .bss           0x0000000000012218        0x0 ../InfoLabs_final_bsp/\libhal_bsp.a(alt_printf.o)
 .bss           0x0000000000012218        0x0 ../InfoLabs_final_bsp/\libhal_bsp.a(alt_putchar.o)
 .bss           0x0000000000012218        0x0 ../InfoLabs_final_bsp/\libhal_bsp.a(alt_sys_init.o)
 .bss           0x0000000000012218        0x0 ../InfoLabs_final_bsp/\libhal_bsp.a(altera_avalon_jtag_uart_write.o)
 .bss           0x0000000000012218        0x0 ../InfoLabs_final_bsp/\libhal_bsp.a(altera_up_avalon_accelerometer_spi.o)
 .bss           0x0000000000012218        0x0 ../InfoLabs_final_bsp/\libhal_bsp.a(alt_dcache_flush_all.o)
 .bss           0x0000000000012218        0x0 ../InfoLabs_final_bsp/\libhal_bsp.a(alt_dev.o)
 .bss           0x0000000000012218        0x0 ../InfoLabs_final_bsp/\libhal_bsp.a(alt_dev_llist_insert.o)
 .bss           0x0000000000012218        0x0 ../InfoLabs_final_bsp/\libhal_bsp.a(alt_errno.o)
 .bss           0x0000000000012218        0x0 ../InfoLabs_final_bsp/\libhal_bsp.a(alt_find_dev.o)
 .bss           0x0000000000012218        0x0 ../InfoLabs_final_bsp/\libhal_bsp.a(alt_icache_flush_all.o)
 .bss           0x0000000000012218        0x0 ../InfoLabs_final_bsp/\libhal_bsp.a(alt_irq_entry.o)
 .bss           0x0000000000012218        0x0 ../InfoLabs_final_bsp/\libhal_bsp.a(alt_irq_handler.o)
 .bss           0x0000000000012218        0x0 ../InfoLabs_final_bsp/\libhal_bsp.a(altera_nios2_gen2_irq.o)
 .bss           0x0000000000012218        0x0 ../InfoLabs_final_bsp/\libhal_bsp.a(alt_exception_entry.o)
 .bss           0x0000000000012218        0x0 ../InfoLabs_final_bsp/\libhal_bsp.a(alt_instruction_exception_entry.o)
 .bss           0x0000000000012218        0x0 c:/intelfpga_lite/18.1/nios2eds/bin/gnu/h-x86_64-mingw32/bin/../lib/gcc/nios2-elf/5.3.0/../../../../../H-x86_64-mingw32/nios2-elf/lib/mno-hw-mul\libsmallc.a(lib_a-int_errno.o)
 .bss           0x0000000000012218        0x0 c:/intelfpga_lite/18.1/nios2eds/bin/gnu/h-x86_64-mingw32/bin/../lib/gcc/nios2-elf/5.3.0/../../../../../H-x86_64-mingw32/nios2-elf/lib/mno-hw-mul\libsmallc.a(lib_a-memcmp.o)
 .bss           0x0000000000012218        0x0 c:/intelfpga_lite/18.1/nios2eds/bin/gnu/h-x86_64-mingw32/bin/../lib/gcc/nios2-elf/5.3.0/../../../../../H-x86_64-mingw32/nios2-elf/lib/mno-hw-mul\libsmallc.a(lib_a-strlen.o)
 *(COMMON)
 COMMON         0x0000000000012218      0x100 ../InfoLabs_final_bsp/\libhal_bsp.a(alt_irq_handler.o)
                0x0000000000012218                alt_irq
                0x0000000000012318                . = ALIGN (0x4)
                0x0000000000012318                __bss_end = ABSOLUTE (.)

.onchip_memory  0x0000000000012318        0x0
                [!provide]                        PROVIDE (_alt_partition_onchip_memory_start, ABSOLUTE (.))
 *(.onchip_memory .onchip_memory. onchip_memory.*)
                0x0000000000012318                . = ALIGN (0x4)
                [!provide]                        PROVIDE (_alt_partition_onchip_memory_end, ABSOLUTE (.))
                0x0000000000012318                _end = ABSOLUTE (.)
                0x0000000000012318                end = ABSOLUTE (.)
                0x0000000000012318                __alt_stack_base = ABSOLUTE (.)
                [!provide]                        PROVIDE (_alt_partition_onchip_memory_load_addr, LOADADDR (.onchip_memory))

.stab
 *(.stab)

.stabstr
 *(.stabstr)

.stab.excl
 *(.stab.excl)

.stab.exclstr
 *(.stab.exclstr)

.stab.index
 *(.stab.index)

.stab.indexstr
 *(.stab.indexstr)

.comment        0x0000000000000000       0x23
 *(.comment)
 .comment       0x0000000000000000       0x23 obj/default/board_code.o
                                         0x24 (size before relaxing)
 .comment       0x0000000000000023       0x24 c:/intelfpga_lite/18.1/nios2eds/bin/gnu/h-x86_64-mingw32/bin/../lib/gcc/nios2-elf/5.3.0/mno-hw-mul\libgcc.a(adddf3.o)
 .comment       0x0000000000000023       0x24 c:/intelfpga_lite/18.1/nios2eds/bin/gnu/h-x86_64-mingw32/bin/../lib/gcc/nios2-elf/5.3.0/mno-hw-mul\libgcc.a(muldf3.o)
 .comment       0x0000000000000023       0x24 c:/intelfpga_lite/18.1/nios2eds/bin/gnu/h-x86_64-mingw32/bin/../lib/gcc/nios2-elf/5.3.0/mno-hw-mul\libgcc.a(fixdfsi.o)
 .comment       0x0000000000000023       0x24 c:/intelfpga_lite/18.1/nios2eds/bin/gnu/h-x86_64-mingw32/bin/../lib/gcc/nios2-elf/5.3.0/mno-hw-mul\libgcc.a(floatsidf.o)
 .comment       0x0000000000000023       0x24 c:/intelfpga_lite/18.1/nios2eds/bin/gnu/h-x86_64-mingw32/bin/../lib/gcc/nios2-elf/5.3.0/mno-hw-mul\libgcc.a(_clzsi2.o)
 .comment       0x0000000000000023       0x24 c:/intelfpga_lite/18.1/nios2eds/bin/gnu/h-x86_64-mingw32/bin/../lib/gcc/nios2-elf/5.3.0/mno-hw-mul\libgcc.a(lib2-mul.o)
 .comment       0x0000000000000023       0x24 c:/intelfpga_lite/18.1/nios2eds/bin/gnu/h-x86_64-mingw32/bin/../lib/gcc/nios2-elf/5.3.0/mno-hw-mul\libgcc.a(_clz.o)
 .comment       0x0000000000000023       0x24 c:/intelfpga_lite/18.1/nios2eds/bin/gnu/h-x86_64-mingw32/bin/../lib/gcc/nios2-elf/5.3.0/../../../../../H-x86_64-mingw32/nios2-elf/lib/mno-hw-mul\libsmallc.a(lib_a-memset.o)
 .comment       0x0000000000000023       0x24 ../InfoLabs_final_bsp/\libhal_bsp.a(alt_irq_register.o)
 .comment       0x0000000000000023       0x24 ../InfoLabs_final_bsp/\libhal_bsp.a(alt_irq_vars.o)
 .comment       0x0000000000000023       0x24 ../InfoLabs_final_bsp/\libhal_bsp.a(alt_load.o)
 .comment       0x0000000000000023       0x24 ../InfoLabs_final_bsp/\libhal_bsp.a(alt_main.o)
 .comment       0x0000000000000023       0x24 ../InfoLabs_final_bsp/\libhal_bsp.a(alt_printf.o)
 .comment       0x0000000000000023       0x24 ../InfoLabs_final_bsp/\libhal_bsp.a(alt_putchar.o)
 .comment       0x0000000000000023       0x24 ../InfoLabs_final_bsp/\libhal_bsp.a(alt_sys_init.o)
 .comment       0x0000000000000023       0x24 ../InfoLabs_final_bsp/\libhal_bsp.a(altera_avalon_jtag_uart_write.o)
 .comment       0x0000000000000023       0x24 ../InfoLabs_final_bsp/\libhal_bsp.a(altera_up_avalon_accelerometer_spi.o)
 .comment       0x0000000000000023       0x24 ../InfoLabs_final_bsp/\libhal_bsp.a(alt_dcache_flush_all.o)
 .comment       0x0000000000000023       0x24 ../InfoLabs_final_bsp/\libhal_bsp.a(alt_dev.o)
 .comment       0x0000000000000023       0x24 ../InfoLabs_final_bsp/\libhal_bsp.a(alt_dev_llist_insert.o)
 .comment       0x0000000000000023       0x24 ../InfoLabs_final_bsp/\libhal_bsp.a(alt_errno.o)
 .comment       0x0000000000000023       0x24 ../InfoLabs_final_bsp/\libhal_bsp.a(alt_find_dev.o)
 .comment       0x0000000000000023       0x24 ../InfoLabs_final_bsp/\libhal_bsp.a(alt_icache_flush_all.o)
 .comment       0x0000000000000023       0x24 ../InfoLabs_final_bsp/\libhal_bsp.a(alt_irq_handler.o)
 .comment       0x0000000000000023       0x24 ../InfoLabs_final_bsp/\libhal_bsp.a(altera_nios2_gen2_irq.o)
 .comment       0x0000000000000023       0x24 ../InfoLabs_final_bsp/\libhal_bsp.a(alt_instruction_exception_entry.o)
 .comment       0x0000000000000023       0x24 c:/intelfpga_lite/18.1/nios2eds/bin/gnu/h-x86_64-mingw32/bin/../lib/gcc/nios2-elf/5.3.0/../../../../../H-x86_64-mingw32/nios2-elf/lib/mno-hw-mul\libsmallc.a(lib_a-int_errno.o)
 .comment       0x0000000000000023       0x24 c:/intelfpga_lite/18.1/nios2eds/bin/gnu/h-x86_64-mingw32/bin/../lib/gcc/nios2-elf/5.3.0/../../../../../H-x86_64-mingw32/nios2-elf/lib/mno-hw-mul\libsmallc.a(lib_a-memcmp.o)
 .comment       0x0000000000000023       0x24 c:/intelfpga_lite/18.1/nios2eds/bin/gnu/h-x86_64-mingw32/bin/../lib/gcc/nios2-elf/5.3.0/../../../../../H-x86_64-mingw32/nios2-elf/lib/mno-hw-mul\libsmallc.a(lib_a-strlen.o)

.debug
 *(.debug)

.line
 *(.line)

.debug_srcinfo
 *(.debug_srcinfo)

.debug_sfnames
 *(.debug_sfnames)

.debug_aranges  0x0000000000000000      0x440
 *(.debug_aranges)
 .debug_aranges
                0x0000000000000000       0x28 ../InfoLabs_final_bsp//obj/HAL/src/crt0.o
 .debug_aranges
                0x0000000000000028       0x28 obj/default/board_code.o
 .debug_aranges
                0x0000000000000050       0x20 c:/intelfpga_lite/18.1/nios2eds/bin/gnu/h-x86_64-mingw32/bin/../lib/gcc/nios2-elf/5.3.0/mno-hw-mul\libgcc.a(adddf3.o)
 .debug_aranges
                0x0000000000000070       0x20 c:/intelfpga_lite/18.1/nios2eds/bin/gnu/h-x86_64-mingw32/bin/../lib/gcc/nios2-elf/5.3.0/mno-hw-mul\libgcc.a(muldf3.o)
 .debug_aranges
                0x0000000000000090       0x20 c:/intelfpga_lite/18.1/nios2eds/bin/gnu/h-x86_64-mingw32/bin/../lib/gcc/nios2-elf/5.3.0/mno-hw-mul\libgcc.a(fixdfsi.o)
 .debug_aranges
                0x00000000000000b0       0x20 c:/intelfpga_lite/18.1/nios2eds/bin/gnu/h-x86_64-mingw32/bin/../lib/gcc/nios2-elf/5.3.0/mno-hw-mul\libgcc.a(floatsidf.o)
 .debug_aranges
                0x00000000000000d0       0x20 c:/intelfpga_lite/18.1/nios2eds/bin/gnu/h-x86_64-mingw32/bin/../lib/gcc/nios2-elf/5.3.0/mno-hw-mul\libgcc.a(_clzsi2.o)
 .debug_aranges
                0x00000000000000f0       0x20 c:/intelfpga_lite/18.1/nios2eds/bin/gnu/h-x86_64-mingw32/bin/../lib/gcc/nios2-elf/5.3.0/mno-hw-mul\libgcc.a(lib2-mul.o)
 .debug_aranges
                0x0000000000000110       0x18 c:/intelfpga_lite/18.1/nios2eds/bin/gnu/h-x86_64-mingw32/bin/../lib/gcc/nios2-elf/5.3.0/mno-hw-mul\libgcc.a(_clz.o)
 .debug_aranges
                0x0000000000000128       0x20 c:/intelfpga_lite/18.1/nios2eds/bin/gnu/h-x86_64-mingw32/bin/../lib/gcc/nios2-elf/5.3.0/../../../../../H-x86_64-mingw32/nios2-elf/lib/mno-hw-mul\libsmallc.a(lib_a-memset.o)
 .debug_aranges
                0x0000000000000148       0x20 ../InfoLabs_final_bsp/\libhal_bsp.a(alt_irq_register.o)
 .debug_aranges
                0x0000000000000168       0x18 ../InfoLabs_final_bsp/\libhal_bsp.a(alt_irq_vars.o)
 .debug_aranges
                0x0000000000000180       0x20 ../InfoLabs_final_bsp/\libhal_bsp.a(alt_load.o)
 .debug_aranges
                0x00000000000001a0       0x20 ../InfoLabs_final_bsp/\libhal_bsp.a(alt_main.o)
 .debug_aranges
                0x00000000000001c0       0x20 ../InfoLabs_final_bsp/\libhal_bsp.a(alt_printf.o)
 .debug_aranges
                0x00000000000001e0       0x20 ../InfoLabs_final_bsp/\libhal_bsp.a(alt_putchar.o)
 .debug_aranges
                0x0000000000000200       0x20 ../InfoLabs_final_bsp/\libhal_bsp.a(alt_sys_init.o)
 .debug_aranges
                0x0000000000000220       0x20 ../InfoLabs_final_bsp/\libhal_bsp.a(altera_avalon_jtag_uart_write.o)
 .debug_aranges
                0x0000000000000240       0x20 ../InfoLabs_final_bsp/\libhal_bsp.a(altera_up_avalon_accelerometer_spi.o)
 .debug_aranges
                0x0000000000000260       0x20 ../InfoLabs_final_bsp/\libhal_bsp.a(alt_dcache_flush_all.o)
 .debug_aranges
                0x0000000000000280       0x20 ../InfoLabs_final_bsp/\libhal_bsp.a(alt_dev.o)
 .debug_aranges
                0x00000000000002a0       0x20 ../InfoLabs_final_bsp/\libhal_bsp.a(alt_dev_llist_insert.o)
 .debug_aranges
                0x00000000000002c0       0x18 ../InfoLabs_final_bsp/\libhal_bsp.a(alt_errno.o)
 .debug_aranges
                0x00000000000002d8       0x20 ../InfoLabs_final_bsp/\libhal_bsp.a(alt_find_dev.o)
 .debug_aranges
                0x00000000000002f8       0x20 ../InfoLabs_final_bsp/\libhal_bsp.a(alt_icache_flush_all.o)
 .debug_aranges
                0x0000000000000318       0x30 ../InfoLabs_final_bsp/\libhal_bsp.a(alt_irq_entry.o)
 .debug_aranges
                0x0000000000000348       0x20 ../InfoLabs_final_bsp/\libhal_bsp.a(alt_irq_handler.o)
 .debug_aranges
                0x0000000000000368       0x20 ../InfoLabs_final_bsp/\libhal_bsp.a(altera_nios2_gen2_irq.o)
 .debug_aranges
                0x0000000000000388       0x38 ../InfoLabs_final_bsp/\libhal_bsp.a(alt_exception_entry.o)
 .debug_aranges
                0x00000000000003c0       0x28 ../InfoLabs_final_bsp/\libhal_bsp.a(alt_instruction_exception_entry.o)
 .debug_aranges
                0x00000000000003e8       0x18 c:/intelfpga_lite/18.1/nios2eds/bin/gnu/h-x86_64-mingw32/bin/../lib/gcc/nios2-elf/5.3.0/../../../../../H-x86_64-mingw32/nios2-elf/lib/mno-hw-mul\libsmallc.a(lib_a-int_errno.o)
 .debug_aranges
                0x0000000000000400       0x20 c:/intelfpga_lite/18.1/nios2eds/bin/gnu/h-x86_64-mingw32/bin/../lib/gcc/nios2-elf/5.3.0/../../../../../H-x86_64-mingw32/nios2-elf/lib/mno-hw-mul\libsmallc.a(lib_a-memcmp.o)
 .debug_aranges
                0x0000000000000420       0x20 c:/intelfpga_lite/18.1/nios2eds/bin/gnu/h-x86_64-mingw32/bin/../lib/gcc/nios2-elf/5.3.0/../../../../../H-x86_64-mingw32/nios2-elf/lib/mno-hw-mul\libsmallc.a(lib_a-strlen.o)

.debug_pubnames
 *(.debug_pubnames)

.debug_info     0x0000000000000000     0x3f67
 *(.debug_info .gnu.linkonce.wi.*)
 .debug_info    0x0000000000000000       0x70 ../InfoLabs_final_bsp//obj/HAL/src/crt0.o
 .debug_info    0x0000000000000070      0x6d6 obj/default/board_code.o
 .debug_info    0x0000000000000746      0x4a2 c:/intelfpga_lite/18.1/nios2eds/bin/gnu/h-x86_64-mingw32/bin/../lib/gcc/nios2-elf/5.3.0/mno-hw-mul\libgcc.a(adddf3.o)
 .debug_info    0x0000000000000be8      0x5f1 c:/intelfpga_lite/18.1/nios2eds/bin/gnu/h-x86_64-mingw32/bin/../lib/gcc/nios2-elf/5.3.0/mno-hw-mul\libgcc.a(muldf3.o)
 .debug_info    0x00000000000011d9      0x1ae c:/intelfpga_lite/18.1/nios2eds/bin/gnu/h-x86_64-mingw32/bin/../lib/gcc/nios2-elf/5.3.0/mno-hw-mul\libgcc.a(fixdfsi.o)
 .debug_info    0x0000000000001387      0x1bc c:/intelfpga_lite/18.1/nios2eds/bin/gnu/h-x86_64-mingw32/bin/../lib/gcc/nios2-elf/5.3.0/mno-hw-mul\libgcc.a(floatsidf.o)
 .debug_info    0x0000000000001543      0x124 c:/intelfpga_lite/18.1/nios2eds/bin/gnu/h-x86_64-mingw32/bin/../lib/gcc/nios2-elf/5.3.0/mno-hw-mul\libgcc.a(_clzsi2.o)
 .debug_info    0x0000000000001667       0xb4 c:/intelfpga_lite/18.1/nios2eds/bin/gnu/h-x86_64-mingw32/bin/../lib/gcc/nios2-elf/5.3.0/mno-hw-mul\libgcc.a(lib2-mul.o)
 .debug_info    0x000000000000171b       0xb2 c:/intelfpga_lite/18.1/nios2eds/bin/gnu/h-x86_64-mingw32/bin/../lib/gcc/nios2-elf/5.3.0/mno-hw-mul\libgcc.a(_clz.o)
 .debug_info    0x00000000000017cd       0xdc c:/intelfpga_lite/18.1/nios2eds/bin/gnu/h-x86_64-mingw32/bin/../lib/gcc/nios2-elf/5.3.0/../../../../../H-x86_64-mingw32/nios2-elf/lib/mno-hw-mul\libsmallc.a(lib_a-memset.o)
 .debug_info    0x00000000000018a9      0x30d ../InfoLabs_final_bsp/\libhal_bsp.a(alt_irq_register.o)
 .debug_info    0x0000000000001bb6       0x88 ../InfoLabs_final_bsp/\libhal_bsp.a(alt_irq_vars.o)
 .debug_info    0x0000000000001c3e      0x1c9 ../InfoLabs_final_bsp/\libhal_bsp.a(alt_load.o)
 .debug_info    0x0000000000001e07      0x18f ../InfoLabs_final_bsp/\libhal_bsp.a(alt_main.o)
 .debug_info    0x0000000000001f96      0x14d ../InfoLabs_final_bsp/\libhal_bsp.a(alt_printf.o)
 .debug_info    0x00000000000020e3      0x12a ../InfoLabs_final_bsp/\libhal_bsp.a(alt_putchar.o)
 .debug_info    0x000000000000220d      0x459 ../InfoLabs_final_bsp/\libhal_bsp.a(alt_sys_init.o)
 .debug_info    0x0000000000002666      0x1ad ../InfoLabs_final_bsp/\libhal_bsp.a(altera_avalon_jtag_uart_write.o)
 .debug_info    0x0000000000002813      0x479 ../InfoLabs_final_bsp/\libhal_bsp.a(altera_up_avalon_accelerometer_spi.o)
 .debug_info    0x0000000000002c8c       0x92 ../InfoLabs_final_bsp/\libhal_bsp.a(alt_dcache_flush_all.o)
 .debug_info    0x0000000000002d1e      0x499 ../InfoLabs_final_bsp/\libhal_bsp.a(alt_dev.o)
 .debug_info    0x00000000000031b7      0x1b3 ../InfoLabs_final_bsp/\libhal_bsp.a(alt_dev_llist_insert.o)
 .debug_info    0x000000000000336a       0xa6 ../InfoLabs_final_bsp/\libhal_bsp.a(alt_errno.o)
 .debug_info    0x0000000000003410      0x32d ../InfoLabs_final_bsp/\libhal_bsp.a(alt_find_dev.o)
 .debug_info    0x000000000000373d       0x92 ../InfoLabs_final_bsp/\libhal_bsp.a(alt_icache_flush_all.o)
 .debug_info    0x00000000000037cf       0x79 ../InfoLabs_final_bsp/\libhal_bsp.a(alt_irq_entry.o)
 .debug_info    0x0000000000003848      0x1a4 ../InfoLabs_final_bsp/\libhal_bsp.a(alt_irq_handler.o)
 .debug_info    0x00000000000039ec       0xb8 ../InfoLabs_final_bsp/\libhal_bsp.a(altera_nios2_gen2_irq.o)
 .debug_info    0x0000000000003aa4       0x7f ../InfoLabs_final_bsp/\libhal_bsp.a(alt_exception_entry.o)
 .debug_info    0x0000000000003b23      0x1fd ../InfoLabs_final_bsp/\libhal_bsp.a(alt_instruction_exception_entry.o)
 .debug_info    0x0000000000003d20       0x8a c:/intelfpga_lite/18.1/nios2eds/bin/gnu/h-x86_64-mingw32/bin/../lib/gcc/nios2-elf/5.3.0/../../../../../H-x86_64-mingw32/nios2-elf/lib/mno-hw-mul\libsmallc.a(lib_a-int_errno.o)
 .debug_info    0x0000000000003daa       0xf4 c:/intelfpga_lite/18.1/nios2eds/bin/gnu/h-x86_64-mingw32/bin/../lib/gcc/nios2-elf/5.3.0/../../../../../H-x86_64-mingw32/nios2-elf/lib/mno-hw-mul\libsmallc.a(lib_a-memcmp.o)
 .debug_info    0x0000000000003e9e       0xc9 c:/intelfpga_lite/18.1/nios2eds/bin/gnu/h-x86_64-mingw32/bin/../lib/gcc/nios2-elf/5.3.0/../../../../../H-x86_64-mingw32/nios2-elf/lib/mno-hw-mul\libsmallc.a(lib_a-strlen.o)

.debug_abbrev   0x0000000000000000     0x1a39
 *(.debug_abbrev)
 .debug_abbrev  0x0000000000000000       0x12 ../InfoLabs_final_bsp//obj/HAL/src/crt0.o
 .debug_abbrev  0x0000000000000012      0x27a obj/default/board_code.o
 .debug_abbrev  0x000000000000028c      0x13a c:/intelfpga_lite/18.1/nios2eds/bin/gnu/h-x86_64-mingw32/bin/../lib/gcc/nios2-elf/5.3.0/mno-hw-mul\libgcc.a(adddf3.o)
 .debug_abbrev  0x00000000000003c6      0x13f c:/intelfpga_lite/18.1/nios2eds/bin/gnu/h-x86_64-mingw32/bin/../lib/gcc/nios2-elf/5.3.0/mno-hw-mul\libgcc.a(muldf3.o)
 .debug_abbrev  0x0000000000000505      0x135 c:/intelfpga_lite/18.1/nios2eds/bin/gnu/h-x86_64-mingw32/bin/../lib/gcc/nios2-elf/5.3.0/mno-hw-mul\libgcc.a(fixdfsi.o)
 .debug_abbrev  0x000000000000063a      0x124 c:/intelfpga_lite/18.1/nios2eds/bin/gnu/h-x86_64-mingw32/bin/../lib/gcc/nios2-elf/5.3.0/mno-hw-mul\libgcc.a(floatsidf.o)
 .debug_abbrev  0x000000000000075e       0xbe c:/intelfpga_lite/18.1/nios2eds/bin/gnu/h-x86_64-mingw32/bin/../lib/gcc/nios2-elf/5.3.0/mno-hw-mul\libgcc.a(_clzsi2.o)
 .debug_abbrev  0x000000000000081c       0x6f c:/intelfpga_lite/18.1/nios2eds/bin/gnu/h-x86_64-mingw32/bin/../lib/gcc/nios2-elf/5.3.0/mno-hw-mul\libgcc.a(lib2-mul.o)
 .debug_abbrev  0x000000000000088b       0x5d c:/intelfpga_lite/18.1/nios2eds/bin/gnu/h-x86_64-mingw32/bin/../lib/gcc/nios2-elf/5.3.0/mno-hw-mul\libgcc.a(_clz.o)
 .debug_abbrev  0x00000000000008e8       0x8e c:/intelfpga_lite/18.1/nios2eds/bin/gnu/h-x86_64-mingw32/bin/../lib/gcc/nios2-elf/5.3.0/../../../../../H-x86_64-mingw32/nios2-elf/lib/mno-hw-mul\libsmallc.a(lib_a-memset.o)
 .debug_abbrev  0x0000000000000976      0x1a5 ../InfoLabs_final_bsp/\libhal_bsp.a(alt_irq_register.o)
 .debug_abbrev  0x0000000000000b1b       0x40 ../InfoLabs_final_bsp/\libhal_bsp.a(alt_irq_vars.o)
 .debug_abbrev  0x0000000000000b5b       0xd8 ../InfoLabs_final_bsp/\libhal_bsp.a(alt_load.o)
 .debug_abbrev  0x0000000000000c33       0xf5 ../InfoLabs_final_bsp/\libhal_bsp.a(alt_main.o)
 .debug_abbrev  0x0000000000000d28       0xd5 ../InfoLabs_final_bsp/\libhal_bsp.a(alt_printf.o)
 .debug_abbrev  0x0000000000000dfd       0xd2 ../InfoLabs_final_bsp/\libhal_bsp.a(alt_putchar.o)
 .debug_abbrev  0x0000000000000ecf      0x1a5 ../InfoLabs_final_bsp/\libhal_bsp.a(alt_sys_init.o)
 .debug_abbrev  0x0000000000001074       0xd5 ../InfoLabs_final_bsp/\libhal_bsp.a(altera_avalon_jtag_uart_write.o)
 .debug_abbrev  0x0000000000001149      0x119 ../InfoLabs_final_bsp/\libhal_bsp.a(altera_up_avalon_accelerometer_spi.o)
 .debug_abbrev  0x0000000000001262       0x42 ../InfoLabs_final_bsp/\libhal_bsp.a(alt_dcache_flush_all.o)
 .debug_abbrev  0x00000000000012a4       0xd9 ../InfoLabs_final_bsp/\libhal_bsp.a(alt_dev.o)
 .debug_abbrev  0x000000000000137d      0x11c ../InfoLabs_final_bsp/\libhal_bsp.a(alt_dev_llist_insert.o)
 .debug_abbrev  0x0000000000001499       0x5a ../InfoLabs_final_bsp/\libhal_bsp.a(alt_errno.o)
 .debug_abbrev  0x00000000000014f3      0x125 ../InfoLabs_final_bsp/\libhal_bsp.a(alt_find_dev.o)
 .debug_abbrev  0x0000000000001618       0x42 ../InfoLabs_final_bsp/\libhal_bsp.a(alt_icache_flush_all.o)
 .debug_abbrev  0x000000000000165a       0x12 ../InfoLabs_final_bsp/\libhal_bsp.a(alt_irq_entry.o)
 .debug_abbrev  0x000000000000166c      0x138 ../InfoLabs_final_bsp/\libhal_bsp.a(alt_irq_handler.o)
 .debug_abbrev  0x00000000000017a4       0x67 ../InfoLabs_final_bsp/\libhal_bsp.a(altera_nios2_gen2_irq.o)
 .debug_abbrev  0x000000000000180b       0x12 ../InfoLabs_final_bsp/\libhal_bsp.a(alt_exception_entry.o)
 .debug_abbrev  0x000000000000181d       0xe7 ../InfoLabs_final_bsp/\libhal_bsp.a(alt_instruction_exception_entry.o)
 .debug_abbrev  0x0000000000001904       0x37 c:/intelfpga_lite/18.1/nios2eds/bin/gnu/h-x86_64-mingw32/bin/../lib/gcc/nios2-elf/5.3.0/../../../../../H-x86_64-mingw32/nios2-elf/lib/mno-hw-mul\libsmallc.a(lib_a-int_errno.o)
 .debug_abbrev  0x000000000000193b       0x7f c:/intelfpga_lite/18.1/nios2eds/bin/gnu/h-x86_64-mingw32/bin/../lib/gcc/nios2-elf/5.3.0/../../../../../H-x86_64-mingw32/nios2-elf/lib/mno-hw-mul\libsmallc.a(lib_a-memcmp.o)
 .debug_abbrev  0x00000000000019ba       0x7f c:/intelfpga_lite/18.1/nios2eds/bin/gnu/h-x86_64-mingw32/bin/../lib/gcc/nios2-elf/5.3.0/../../../../../H-x86_64-mingw32/nios2-elf/lib/mno-hw-mul\libsmallc.a(lib_a-strlen.o)

.debug_line     0x0000000000000000     0x1dbb
 *(.debug_line)
 .debug_line    0x0000000000000000       0x66 ../InfoLabs_final_bsp//obj/HAL/src/crt0.o
 .debug_line    0x0000000000000066      0x1d5 obj/default/board_code.o
 .debug_line    0x000000000000023b      0x37e c:/intelfpga_lite/18.1/nios2eds/bin/gnu/h-x86_64-mingw32/bin/../lib/gcc/nios2-elf/5.3.0/mno-hw-mul\libgcc.a(adddf3.o)
 .debug_line    0x00000000000005b9      0x1ea c:/intelfpga_lite/18.1/nios2eds/bin/gnu/h-x86_64-mingw32/bin/../lib/gcc/nios2-elf/5.3.0/mno-hw-mul\libgcc.a(muldf3.o)
 .debug_line    0x00000000000007a3       0x9b c:/intelfpga_lite/18.1/nios2eds/bin/gnu/h-x86_64-mingw32/bin/../lib/gcc/nios2-elf/5.3.0/mno-hw-mul\libgcc.a(fixdfsi.o)
 .debug_line    0x000000000000083e       0xa2 c:/intelfpga_lite/18.1/nios2eds/bin/gnu/h-x86_64-mingw32/bin/../lib/gcc/nios2-elf/5.3.0/mno-hw-mul\libgcc.a(floatsidf.o)
 .debug_line    0x00000000000008e0       0xbd c:/intelfpga_lite/18.1/nios2eds/bin/gnu/h-x86_64-mingw32/bin/../lib/gcc/nios2-elf/5.3.0/mno-hw-mul\libgcc.a(_clzsi2.o)
 .debug_line    0x000000000000099d       0x80 c:/intelfpga_lite/18.1/nios2eds/bin/gnu/h-x86_64-mingw32/bin/../lib/gcc/nios2-elf/5.3.0/mno-hw-mul\libgcc.a(lib2-mul.o)
 .debug_line    0x0000000000000a1d       0x56 c:/intelfpga_lite/18.1/nios2eds/bin/gnu/h-x86_64-mingw32/bin/../lib/gcc/nios2-elf/5.3.0/mno-hw-mul\libgcc.a(_clz.o)
 .debug_line    0x0000000000000a73      0x15d c:/intelfpga_lite/18.1/nios2eds/bin/gnu/h-x86_64-mingw32/bin/../lib/gcc/nios2-elf/5.3.0/../../../../../H-x86_64-mingw32/nios2-elf/lib/mno-hw-mul\libsmallc.a(lib_a-memset.o)
 .debug_line    0x0000000000000bd0       0xed ../InfoLabs_final_bsp/\libhal_bsp.a(alt_irq_register.o)
 .debug_line    0x0000000000000cbd       0x50 ../InfoLabs_final_bsp/\libhal_bsp.a(alt_irq_vars.o)
 .debug_line    0x0000000000000d0d       0xa4 ../InfoLabs_final_bsp/\libhal_bsp.a(alt_load.o)
 .debug_line    0x0000000000000db1       0xea ../InfoLabs_final_bsp/\libhal_bsp.a(alt_main.o)
 .debug_line    0x0000000000000e9b      0x112 ../InfoLabs_final_bsp/\libhal_bsp.a(alt_printf.o)
 .debug_line    0x0000000000000fad       0x55 ../InfoLabs_final_bsp/\libhal_bsp.a(alt_putchar.o)
 .debug_line    0x0000000000001002      0x176 ../InfoLabs_final_bsp/\libhal_bsp.a(alt_sys_init.o)
 .debug_line    0x0000000000001178      0x104 ../InfoLabs_final_bsp/\libhal_bsp.a(altera_avalon_jtag_uart_write.o)
 .debug_line    0x000000000000127c      0x131 ../InfoLabs_final_bsp/\libhal_bsp.a(altera_up_avalon_accelerometer_spi.o)
 .debug_line    0x00000000000013ad       0x4e ../InfoLabs_final_bsp/\libhal_bsp.a(alt_dcache_flush_all.o)
 .debug_line    0x00000000000013fb       0xf6 ../InfoLabs_final_bsp/\libhal_bsp.a(alt_dev.o)
 .debug_line    0x00000000000014f1       0xd8 ../InfoLabs_final_bsp/\libhal_bsp.a(alt_dev_llist_insert.o)
 .debug_line    0x00000000000015c9       0x51 ../InfoLabs_final_bsp/\libhal_bsp.a(alt_errno.o)
 .debug_line    0x000000000000161a      0x107 ../InfoLabs_final_bsp/\libhal_bsp.a(alt_find_dev.o)
 .debug_line    0x0000000000001721       0x4e ../InfoLabs_final_bsp/\libhal_bsp.a(alt_icache_flush_all.o)
 .debug_line    0x000000000000176f       0x6b ../InfoLabs_final_bsp/\libhal_bsp.a(alt_irq_entry.o)
 .debug_line    0x00000000000017da       0xc8 ../InfoLabs_final_bsp/\libhal_bsp.a(alt_irq_handler.o)
 .debug_line    0x00000000000018a2       0x8c ../InfoLabs_final_bsp/\libhal_bsp.a(altera_nios2_gen2_irq.o)
 .debug_line    0x000000000000192e       0xb3 ../InfoLabs_final_bsp/\libhal_bsp.a(alt_exception_entry.o)
 .debug_line    0x00000000000019e1       0xbf ../InfoLabs_final_bsp/\libhal_bsp.a(alt_instruction_exception_entry.o)
 .debug_line    0x0000000000001aa0       0x5f c:/intelfpga_lite/18.1/nios2eds/bin/gnu/h-x86_64-mingw32/bin/../lib/gcc/nios2-elf/5.3.0/../../../../../H-x86_64-mingw32/nios2-elf/lib/mno-hw-mul\libsmallc.a(lib_a-int_errno.o)
 .debug_line    0x0000000000001aff      0x160 c:/intelfpga_lite/18.1/nios2eds/bin/gnu/h-x86_64-mingw32/bin/../lib/gcc/nios2-elf/5.3.0/../../../../../H-x86_64-mingw32/nios2-elf/lib/mno-hw-mul\libsmallc.a(lib_a-memcmp.o)
 .debug_line    0x0000000000001c5f      0x15c c:/intelfpga_lite/18.1/nios2eds/bin/gnu/h-x86_64-mingw32/bin/../lib/gcc/nios2-elf/5.3.0/../../../../../H-x86_64-mingw32/nios2-elf/lib/mno-hw-mul\libsmallc.a(lib_a-strlen.o)

.debug_frame    0x0000000000000000      0x560
 *(.debug_frame)
 .debug_frame   0x0000000000000000       0xa8 obj/default/board_code.o
 .debug_frame   0x00000000000000a8       0x40 c:/intelfpga_lite/18.1/nios2eds/bin/gnu/h-x86_64-mingw32/bin/../lib/gcc/nios2-elf/5.3.0/mno-hw-mul\libgcc.a(adddf3.o)
 .debug_frame   0x00000000000000e8       0x58 c:/intelfpga_lite/18.1/nios2eds/bin/gnu/h-x86_64-mingw32/bin/../lib/gcc/nios2-elf/5.3.0/mno-hw-mul\libgcc.a(muldf3.o)
 .debug_frame   0x0000000000000140       0x20 c:/intelfpga_lite/18.1/nios2eds/bin/gnu/h-x86_64-mingw32/bin/../lib/gcc/nios2-elf/5.3.0/mno-hw-mul\libgcc.a(fixdfsi.o)
 .debug_frame   0x0000000000000160       0x38 c:/intelfpga_lite/18.1/nios2eds/bin/gnu/h-x86_64-mingw32/bin/../lib/gcc/nios2-elf/5.3.0/mno-hw-mul\libgcc.a(floatsidf.o)
 .debug_frame   0x0000000000000198       0x20 c:/intelfpga_lite/18.1/nios2eds/bin/gnu/h-x86_64-mingw32/bin/../lib/gcc/nios2-elf/5.3.0/mno-hw-mul\libgcc.a(_clzsi2.o)
 .debug_frame   0x00000000000001b8       0x20 c:/intelfpga_lite/18.1/nios2eds/bin/gnu/h-x86_64-mingw32/bin/../lib/gcc/nios2-elf/5.3.0/mno-hw-mul\libgcc.a(lib2-mul.o)
 .debug_frame   0x00000000000001d8       0x20 c:/intelfpga_lite/18.1/nios2eds/bin/gnu/h-x86_64-mingw32/bin/../lib/gcc/nios2-elf/5.3.0/../../../../../H-x86_64-mingw32/nios2-elf/lib/mno-hw-mul\libsmallc.a(lib_a-memset.o)
 .debug_frame   0x00000000000001f8       0x20 ../InfoLabs_final_bsp/\libhal_bsp.a(alt_irq_register.o)
 .debug_frame   0x0000000000000218       0x30 ../InfoLabs_final_bsp/\libhal_bsp.a(alt_load.o)
 .debug_frame   0x0000000000000248       0x2c ../InfoLabs_final_bsp/\libhal_bsp.a(alt_main.o)
 .debug_frame   0x0000000000000274       0x54 ../InfoLabs_final_bsp/\libhal_bsp.a(alt_printf.o)
 .debug_frame   0x00000000000002c8       0x30 ../InfoLabs_final_bsp/\libhal_bsp.a(alt_putchar.o)
 .debug_frame   0x00000000000002f8       0x3c ../InfoLabs_final_bsp/\libhal_bsp.a(alt_sys_init.o)
 .debug_frame   0x0000000000000334       0x20 ../InfoLabs_final_bsp/\libhal_bsp.a(altera_avalon_jtag_uart_write.o)
 .debug_frame   0x0000000000000354       0x80 ../InfoLabs_final_bsp/\libhal_bsp.a(altera_up_avalon_accelerometer_spi.o)
 .debug_frame   0x00000000000003d4       0x20 ../InfoLabs_final_bsp/\libhal_bsp.a(alt_dcache_flush_all.o)
 .debug_frame   0x00000000000003f4       0x20 ../InfoLabs_final_bsp/\libhal_bsp.a(alt_dev.o)
 .debug_frame   0x0000000000000414       0x2c ../InfoLabs_final_bsp/\libhal_bsp.a(alt_dev_llist_insert.o)
 .debug_frame   0x0000000000000440       0x3c ../InfoLabs_final_bsp/\libhal_bsp.a(alt_find_dev.o)
 .debug_frame   0x000000000000047c       0x20 ../InfoLabs_final_bsp/\libhal_bsp.a(alt_icache_flush_all.o)
 .debug_frame   0x000000000000049c       0x34 ../InfoLabs_final_bsp/\libhal_bsp.a(alt_irq_handler.o)
 .debug_frame   0x00000000000004d0       0x20 ../InfoLabs_final_bsp/\libhal_bsp.a(altera_nios2_gen2_irq.o)
 .debug_frame   0x00000000000004f0       0x30 ../InfoLabs_final_bsp/\libhal_bsp.a(alt_instruction_exception_entry.o)
 .debug_frame   0x0000000000000520       0x20 c:/intelfpga_lite/18.1/nios2eds/bin/gnu/h-x86_64-mingw32/bin/../lib/gcc/nios2-elf/5.3.0/../../../../../H-x86_64-mingw32/nios2-elf/lib/mno-hw-mul\libsmallc.a(lib_a-memcmp.o)
 .debug_frame   0x0000000000000540       0x20 c:/intelfpga_lite/18.1/nios2eds/bin/gnu/h-x86_64-mingw32/bin/../lib/gcc/nios2-elf/5.3.0/../../../../../H-x86_64-mingw32/nios2-elf/lib/mno-hw-mul\libsmallc.a(lib_a-strlen.o)

.debug_str      0x0000000000000000     0x16b4
 *(.debug_str)
 .debug_str     0x0000000000000000      0x2ee obj/default/board_code.o
                                        0x34e (size before relaxing)
 .debug_str     0x00000000000002ee      0x228 c:/intelfpga_lite/18.1/nios2eds/bin/gnu/h-x86_64-mingw32/bin/../lib/gcc/nios2-elf/5.3.0/mno-hw-mul\libgcc.a(adddf3.o)
                                        0x2a9 (size before relaxing)
 .debug_str     0x0000000000000516      0x1c4 c:/intelfpga_lite/18.1/nios2eds/bin/gnu/h-x86_64-mingw32/bin/../lib/gcc/nios2-elf/5.3.0/mno-hw-mul\libgcc.a(muldf3.o)
                                        0x3c2 (size before relaxing)
 .debug_str     0x00000000000006da       0x56 c:/intelfpga_lite/18.1/nios2eds/bin/gnu/h-x86_64-mingw32/bin/../lib/gcc/nios2-elf/5.3.0/mno-hw-mul\libgcc.a(fixdfsi.o)
                                        0x22b (size before relaxing)
 .debug_str     0x0000000000000730       0x6c c:/intelfpga_lite/18.1/nios2eds/bin/gnu/h-x86_64-mingw32/bin/../lib/gcc/nios2-elf/5.3.0/mno-hw-mul\libgcc.a(floatsidf.o)
                                        0x242 (size before relaxing)
 .debug_str     0x000000000000079c       0x66 c:/intelfpga_lite/18.1/nios2eds/bin/gnu/h-x86_64-mingw32/bin/../lib/gcc/nios2-elf/5.3.0/mno-hw-mul\libgcc.a(_clzsi2.o)
                                        0x200 (size before relaxing)
 .debug_str     0x0000000000000802       0x40 c:/intelfpga_lite/18.1/nios2eds/bin/gnu/h-x86_64-mingw32/bin/../lib/gcc/nios2-elf/5.3.0/mno-hw-mul\libgcc.a(lib2-mul.o)
                                        0x193 (size before relaxing)
 .debug_str     0x0000000000000842      0x1e3 c:/intelfpga_lite/18.1/nios2eds/bin/gnu/h-x86_64-mingw32/bin/../lib/gcc/nios2-elf/5.3.0/mno-hw-mul\libgcc.a(_clz.o)
 .debug_str     0x0000000000000842      0x13a c:/intelfpga_lite/18.1/nios2eds/bin/gnu/h-x86_64-mingw32/bin/../lib/gcc/nios2-elf/5.3.0/../../../../../H-x86_64-mingw32/nios2-elf/lib/mno-hw-mul\libsmallc.a(lib_a-memset.o)
                                        0x1df (size before relaxing)
 .debug_str     0x000000000000097c       0xd9 ../InfoLabs_final_bsp/\libhal_bsp.a(alt_irq_register.o)
                                        0x20a (size before relaxing)
 .debug_str     0x0000000000000a55       0x17 ../InfoLabs_final_bsp/\libhal_bsp.a(alt_irq_vars.o)
                                        0x13c (size before relaxing)
 .debug_str     0x0000000000000a6c      0x113 ../InfoLabs_final_bsp/\libhal_bsp.a(alt_load.o)
                                        0x23e (size before relaxing)
 .debug_str     0x0000000000000b7f       0x5e ../InfoLabs_final_bsp/\libhal_bsp.a(alt_main.o)
                                        0x1e0 (size before relaxing)
 .debug_str     0x0000000000000bdd       0x59 ../InfoLabs_final_bsp/\libhal_bsp.a(alt_printf.o)
                                        0x108 (size before relaxing)
 .debug_str     0x0000000000000c36       0x5e ../InfoLabs_final_bsp/\libhal_bsp.a(alt_putchar.o)
                                        0x18d (size before relaxing)
 .debug_str     0x0000000000000c94       0xfa ../InfoLabs_final_bsp/\libhal_bsp.a(alt_sys_init.o)
                                        0x34c (size before relaxing)
 .debug_str     0x0000000000000d8e       0x32 ../InfoLabs_final_bsp/\libhal_bsp.a(altera_avalon_jtag_uart_write.o)
                                        0x238 (size before relaxing)
 .debug_str     0x0000000000000dc0       0xde ../InfoLabs_final_bsp/\libhal_bsp.a(altera_up_avalon_accelerometer_spi.o)
                                        0x350 (size before relaxing)
 .debug_str     0x0000000000000e9e       0x1f ../InfoLabs_final_bsp/\libhal_bsp.a(alt_dcache_flush_all.o)
                                        0x157 (size before relaxing)
 .debug_str     0x0000000000000ebd      0x125 ../InfoLabs_final_bsp/\libhal_bsp.a(alt_dev.o)
                                        0x307 (size before relaxing)
 .debug_str     0x0000000000000fe2       0x48 ../InfoLabs_final_bsp/\libhal_bsp.a(alt_dev_llist_insert.o)
                                        0x1ce (size before relaxing)
 .debug_str     0x000000000000102a       0x14 ../InfoLabs_final_bsp/\libhal_bsp.a(alt_errno.o)
                                        0x147 (size before relaxing)
 .debug_str     0x000000000000103e       0x25 ../InfoLabs_final_bsp/\libhal_bsp.a(alt_find_dev.o)
                                        0x1fc (size before relaxing)
 .debug_str     0x0000000000001063       0x1f ../InfoLabs_final_bsp/\libhal_bsp.a(alt_icache_flush_all.o)
                                        0x157 (size before relaxing)
 .debug_str     0x0000000000001082       0x3a ../InfoLabs_final_bsp/\libhal_bsp.a(alt_irq_handler.o)
                                        0x1ba (size before relaxing)
 .debug_str     0x00000000000010bc       0x20 ../InfoLabs_final_bsp/\libhal_bsp.a(altera_nios2_gen2_irq.o)
                                        0x187 (size before relaxing)
 .debug_str     0x00000000000010dc      0x48b ../InfoLabs_final_bsp/\libhal_bsp.a(alt_instruction_exception_entry.o)
                                        0x5a2 (size before relaxing)
 .debug_str     0x0000000000001567       0xd3 c:/intelfpga_lite/18.1/nios2eds/bin/gnu/h-x86_64-mingw32/bin/../lib/gcc/nios2-elf/5.3.0/../../../../../H-x86_64-mingw32/nios2-elf/lib/mno-hw-mul\libsmallc.a(lib_a-int_errno.o)
                                        0x1d8 (size before relaxing)
 .debug_str     0x000000000000163a       0x3d c:/intelfpga_lite/18.1/nios2eds/bin/gnu/h-x86_64-mingw32/bin/../lib/gcc/nios2-elf/5.3.0/../../../../../H-x86_64-mingw32/nios2-elf/lib/mno-hw-mul\libsmallc.a(lib_a-memcmp.o)
                                        0x1df (size before relaxing)
 .debug_str     0x0000000000001677       0x3d c:/intelfpga_lite/18.1/nios2eds/bin/gnu/h-x86_64-mingw32/bin/../lib/gcc/nios2-elf/5.3.0/../../../../../H-x86_64-mingw32/nios2-elf/lib/mno-hw-mul\libsmallc.a(lib_a-strlen.o)
                                        0x1e5 (size before relaxing)

.debug_loc      0x0000000000000000     0x34d4
 *(.debug_loc)
 .debug_loc     0x0000000000000000      0x285 obj/default/board_code.o
 .debug_loc     0x0000000000000285     0x16f9 c:/intelfpga_lite/18.1/nios2eds/bin/gnu/h-x86_64-mingw32/bin/../lib/gcc/nios2-elf/5.3.0/mno-hw-mul\libgcc.a(adddf3.o)
 .debug_loc     0x000000000000197e     0x1085 c:/intelfpga_lite/18.1/nios2eds/bin/gnu/h-x86_64-mingw32/bin/../lib/gcc/nios2-elf/5.3.0/mno-hw-mul\libgcc.a(muldf3.o)
 .debug_loc     0x0000000000002a03      0x121 c:/intelfpga_lite/18.1/nios2eds/bin/gnu/h-x86_64-mingw32/bin/../lib/gcc/nios2-elf/5.3.0/mno-hw-mul\libgcc.a(fixdfsi.o)
 .debug_loc     0x0000000000002b24      0x175 c:/intelfpga_lite/18.1/nios2eds/bin/gnu/h-x86_64-mingw32/bin/../lib/gcc/nios2-elf/5.3.0/mno-hw-mul\libgcc.a(floatsidf.o)
 .debug_loc     0x0000000000002c99       0x6b c:/intelfpga_lite/18.1/nios2eds/bin/gnu/h-x86_64-mingw32/bin/../lib/gcc/nios2-elf/5.3.0/mno-hw-mul\libgcc.a(_clzsi2.o)
 .debug_loc     0x0000000000002d04       0x93 c:/intelfpga_lite/18.1/nios2eds/bin/gnu/h-x86_64-mingw32/bin/../lib/gcc/nios2-elf/5.3.0/mno-hw-mul\libgcc.a(lib2-mul.o)
 .debug_loc     0x0000000000002d97       0xa5 c:/intelfpga_lite/18.1/nios2eds/bin/gnu/h-x86_64-mingw32/bin/../lib/gcc/nios2-elf/5.3.0/../../../../../H-x86_64-mingw32/nios2-elf/lib/mno-hw-mul\libsmallc.a(lib_a-memset.o)
 .debug_loc     0x0000000000002e3c       0xfa ../InfoLabs_final_bsp/\libhal_bsp.a(alt_irq_register.o)
 .debug_loc     0x0000000000002f36      0x1de ../InfoLabs_final_bsp/\libhal_bsp.a(alt_printf.o)
 .debug_loc     0x0000000000003114       0x2c ../InfoLabs_final_bsp/\libhal_bsp.a(alt_putchar.o)
 .debug_loc     0x0000000000003140       0x21 ../InfoLabs_final_bsp/\libhal_bsp.a(alt_sys_init.o)
 .debug_loc     0x0000000000003161       0x8b ../InfoLabs_final_bsp/\libhal_bsp.a(altera_avalon_jtag_uart_write.o)
 .debug_loc     0x00000000000031ec       0x63 ../InfoLabs_final_bsp/\libhal_bsp.a(altera_up_avalon_accelerometer_spi.o)
 .debug_loc     0x000000000000324f       0x7e ../InfoLabs_final_bsp/\libhal_bsp.a(alt_dev_llist_insert.o)
 .debug_loc     0x00000000000032cd       0x7e ../InfoLabs_final_bsp/\libhal_bsp.a(alt_find_dev.o)
 .debug_loc     0x000000000000334b       0x72 ../InfoLabs_final_bsp/\libhal_bsp.a(alt_irq_handler.o)
 .debug_loc     0x00000000000033bd       0x65 ../InfoLabs_final_bsp/\libhal_bsp.a(alt_instruction_exception_entry.o)
 .debug_loc     0x0000000000003422       0x94 c:/intelfpga_lite/18.1/nios2eds/bin/gnu/h-x86_64-mingw32/bin/../lib/gcc/nios2-elf/5.3.0/../../../../../H-x86_64-mingw32/nios2-elf/lib/mno-hw-mul\libsmallc.a(lib_a-memcmp.o)
 .debug_loc     0x00000000000034b6       0x1e c:/intelfpga_lite/18.1/nios2eds/bin/gnu/h-x86_64-mingw32/bin/../lib/gcc/nios2-elf/5.3.0/../../../../../H-x86_64-mingw32/nios2-elf/lib/mno-hw-mul\libsmallc.a(lib_a-strlen.o)

.debug_macinfo
 *(.debug_macinfo)

.debug_weaknames
 *(.debug_weaknames)

.debug_funcnames
 *(.debug_funcnames)

.debug_typenames
 *(.debug_typenames)

.debug_varnames
 *(.debug_varnames)

.debug_alt_sim_info
                0x0000000000000000       0x10
 *(.debug_alt_sim_info)
 .debug_alt_sim_info
                0x0000000000000000       0x10 ../InfoLabs_final_bsp//obj/HAL/src/crt0.o
                0x0000000000020000                __alt_data_end = 0x20000
                0x0000000000020000                PROVIDE (__alt_stack_pointer, __alt_data_end)
                [!provide]                        PROVIDE (__alt_stack_limit, __alt_stack_base)
                [!provide]                        PROVIDE (__alt_heap_start, end)
                [!provide]                        PROVIDE (__alt_heap_limit, 0x20000)
OUTPUT(InfoLabs_final.elf elf32-littlenios2)

.debug_ranges   0x0000000000000000      0x610
 .debug_ranges  0x0000000000000000       0x20 ../InfoLabs_final_bsp//obj/HAL/src/crt0.o
 .debug_ranges  0x0000000000000020       0x30 obj/default/board_code.o
 .debug_ranges  0x0000000000000050      0x240 c:/intelfpga_lite/18.1/nios2eds/bin/gnu/h-x86_64-mingw32/bin/../lib/gcc/nios2-elf/5.3.0/mno-hw-mul\libgcc.a(adddf3.o)
 .debug_ranges  0x0000000000000290      0x1d0 c:/intelfpga_lite/18.1/nios2eds/bin/gnu/h-x86_64-mingw32/bin/../lib/gcc/nios2-elf/5.3.0/mno-hw-mul\libgcc.a(muldf3.o)
 .debug_ranges  0x0000000000000460       0x30 c:/intelfpga_lite/18.1/nios2eds/bin/gnu/h-x86_64-mingw32/bin/../lib/gcc/nios2-elf/5.3.0/mno-hw-mul\libgcc.a(fixdfsi.o)
 .debug_ranges  0x0000000000000490       0x20 c:/intelfpga_lite/18.1/nios2eds/bin/gnu/h-x86_64-mingw32/bin/../lib/gcc/nios2-elf/5.3.0/mno-hw-mul\libgcc.a(floatsidf.o)
 .debug_ranges  0x00000000000004b0       0x18 c:/intelfpga_lite/18.1/nios2eds/bin/gnu/h-x86_64-mingw32/bin/../lib/gcc/nios2-elf/5.3.0/mno-hw-mul\libgcc.a(_clzsi2.o)
 .debug_ranges  0x00000000000004c8       0x10 c:/intelfpga_lite/18.1/nios2eds/bin/gnu/h-x86_64-mingw32/bin/../lib/gcc/nios2-elf/5.3.0/../../../../../H-x86_64-mingw32/nios2-elf/lib/mno-hw-mul\libsmallc.a(lib_a-memset.o)
 .debug_ranges  0x00000000000004d8       0x48 ../InfoLabs_final_bsp/\libhal_bsp.a(alt_load.o)
 .debug_ranges  0x0000000000000520       0x18 ../InfoLabs_final_bsp/\libhal_bsp.a(alt_printf.o)
 .debug_ranges  0x0000000000000538       0x18 ../InfoLabs_final_bsp/\libhal_bsp.a(alt_sys_init.o)
 .debug_ranges  0x0000000000000550       0x20 ../InfoLabs_final_bsp/\libhal_bsp.a(alt_dev_llist_insert.o)
 .debug_ranges  0x0000000000000570       0x28 ../InfoLabs_final_bsp/\libhal_bsp.a(alt_irq_entry.o)
 .debug_ranges  0x0000000000000598       0x10 ../InfoLabs_final_bsp/\libhal_bsp.a(alt_irq_handler.o)
 .debug_ranges  0x00000000000005a8       0x30 ../InfoLabs_final_bsp/\libhal_bsp.a(alt_exception_entry.o)
 .debug_ranges  0x00000000000005d8       0x18 ../InfoLabs_final_bsp/\libhal_bsp.a(alt_instruction_exception_entry.o)
 .debug_ranges  0x00000000000005f0       0x10 c:/intelfpga_lite/18.1/nios2eds/bin/gnu/h-x86_64-mingw32/bin/../lib/gcc/nios2-elf/5.3.0/../../../../../H-x86_64-mingw32/nios2-elf/lib/mno-hw-mul\libsmallc.a(lib_a-memcmp.o)
 .debug_ranges  0x0000000000000600       0x10 c:/intelfpga_lite/18.1/nios2eds/bin/gnu/h-x86_64-mingw32/bin/../lib/gcc/nios2-elf/5.3.0/../../../../../H-x86_64-mingw32/nios2-elf/lib/mno-hw-mul\libsmallc.a(lib_a-strlen.o)
